Command line invocation:
    /Applications/Xcode.app/Contents/Developer/usr/bin/xcodebuild -scheme moment -destination "platform=iOS Simulator,name=iPhone 17 Pro" build

Resolve Package Graph


Resolved source packages:
  gRPC: https://github.com/google/grpc-binary.git @ 1.69.1
  generative-ai-swift: https://github.com/google/generative-ai-swift @ 0.5.6
  GoogleUtilities: https://github.com/google/GoogleUtilities.git @ 8.1.0
  AppCheck: https://github.com/google/app-check.git @ 11.2.0
  GTMAppAuth: https://github.com/google/GTMAppAuth.git @ 5.0.0
  GoogleSignIn: https://github.com/google/GoogleSignIn-iOS @ 9.1.0
  GoogleAdsOnDeviceConversion: https://github.com/googleads/google-ads-on-device-conversion-ios-sdk @ 3.2.0
  GoogleAppMeasurement: https://github.com/google/GoogleAppMeasurement.git @ 12.8.0
  Firebase: https://github.com/firebase/firebase-ios-sdk @ 12.8.0
  leveldb: https://github.com/firebase/leveldb.git @ 1.22.5
  nanopb: https://github.com/firebase/nanopb.git @ 2.30910.0
  GoogleDataTransport: https://github.com/google/GoogleDataTransport.git @ 10.1.0
  InteropForGoogle: https://github.com/google/interop-ios-for-google-sdks.git @ 101.0.0
  Promises: https://github.com/google/promises.git @ 2.4.0
  AppAuth: https://github.com/openid/AppAuth-iOS.git @ 2.0.0
  GTMSessionFetcher: https://github.com/google/gtm-session-fetcher.git @ 3.5.0
  abseil: https://github.com/google/abseil-cpp-binary.git @ 1.2024072200.0

2026-01-25 21:14:20.812 xcodebuild[12557:5119009] [MT] IDERunDestination: Supported platforms for the buildables in the current scheme is empty.
ComputePackagePrebuildTargetDependencyGraph

Prepare packages

CreateBuildRequest

SendProjectDescription

CreateBuildOperation

ComputeTargetDependencyGraph
note: Building targets in dependency order
note: Target dependency graph (76 targets)
    Target 'moment' in project 'moment'
        ➜ Explicit dependency on target 'GoogleSignIn' in project 'GoogleSignIn'
        ➜ Explicit dependency on target 'FirebaseCore' in project 'Firebase'
        ➜ Explicit dependency on target 'GoogleSignInSwift' in project 'GoogleSignIn'
        ➜ Explicit dependency on target 'FirebaseAnalytics' in project 'Firebase'
        ➜ Explicit dependency on target 'FirebaseAuth' in project 'Firebase'
    Target 'FirebaseAuth' in project 'Firebase'
        ➜ Explicit dependency on target 'FirebaseAuth' in project 'Firebase'
        ➜ Explicit dependency on target 'Firebase_FirebaseAuth' in project 'Firebase'
        ➜ Explicit dependency on target 'FirebaseAppCheckInterop' in project 'Firebase'
        ➜ Explicit dependency on target 'FirebaseAuthInterop' in project 'Firebase'
        ➜ Explicit dependency on target 'FirebaseAuthInternal' in project 'Firebase'
        ➜ Explicit dependency on target 'Firebase' in project 'Firebase'
        ➜ Explicit dependency on target 'FirebaseCoreInternal' in project 'Firebase'
        ➜ Explicit dependency on target 'FirebaseCore' in project 'Firebase'
        ➜ Explicit dependency on target 'FirebaseCoreExtension' in project 'Firebase'
        ➜ Explicit dependency on target 'RecaptchaInterop' in project 'InteropForGoogle'
        ➜ Explicit dependency on target 'GULNSData' in project 'GoogleUtilities'
        ➜ Explicit dependency on target 'GULEnvironment' in project 'GoogleUtilities'
        ➜ Explicit dependency on target 'GULLogger' in project 'GoogleUtilities'
        ➜ Explicit dependency on target 'GULAppDelegateSwizzler' in project 'GoogleUtilities'
        ➜ Explicit dependency on target 'GTMSessionFetcherCore' in project 'GTMSessionFetcher'
    Target 'FirebaseAuth' in project 'Firebase'
        ➜ Explicit dependency on target 'Firebase_FirebaseAuth' in project 'Firebase'
        ➜ Explicit dependency on target 'FirebaseAppCheckInterop' in project 'Firebase'
        ➜ Explicit dependency on target 'FirebaseAuthInterop' in project 'Firebase'
        ➜ Explicit dependency on target 'FirebaseAuthInternal' in project 'Firebase'
        ➜ Explicit dependency on target 'Firebase' in project 'Firebase'
        ➜ Explicit dependency on target 'FirebaseCoreInternal' in project 'Firebase'
        ➜ Explicit dependency on target 'FirebaseCore' in project 'Firebase'
        ➜ Explicit dependency on target 'FirebaseCoreExtension' in project 'Firebase'
        ➜ Explicit dependency on target 'RecaptchaInterop' in project 'InteropForGoogle'
        ➜ Explicit dependency on target 'GULNSData' in project 'GoogleUtilities'
        ➜ Explicit dependency on target 'GULEnvironment' in project 'GoogleUtilities'
        ➜ Explicit dependency on target 'GULLogger' in project 'GoogleUtilities'
        ➜ Explicit dependency on target 'GULAppDelegateSwizzler' in project 'GoogleUtilities'
        ➜ Explicit dependency on target 'GTMSessionFetcherCore' in project 'GTMSessionFetcher'
    Target 'FirebaseCoreExtension' in project 'Firebase'
        ➜ Explicit dependency on target 'Firebase_FirebaseCoreExtension' in project 'Firebase'
    Target 'Firebase_FirebaseCoreExtension' in project 'Firebase' (no dependencies)
    Target 'FirebaseAuthInternal' in project 'Firebase'
        ➜ Explicit dependency on target 'RecaptchaInterop' in project 'InteropForGoogle'
    Target 'RecaptchaInterop' in project 'InteropForGoogle'
        ➜ Explicit dependency on target 'RecaptchaInterop' in project 'InteropForGoogle'
    Target 'RecaptchaInterop' in project 'InteropForGoogle' (no dependencies)
    Target 'FirebaseAuthInterop' in project 'Firebase' (no dependencies)
    Target 'FirebaseAppCheckInterop' in project 'Firebase' (no dependencies)
    Target 'Firebase_FirebaseAuth' in project 'Firebase' (no dependencies)
    Target 'FirebaseAnalytics' in project 'Firebase'
        ➜ Explicit dependency on target 'FirebaseAnalyticsTarget' in project 'Firebase'
        ➜ Explicit dependency on target 'Firebase' in project 'Firebase'
        ➜ Explicit dependency on target 'FirebaseCoreInternal' in project 'Firebase'
        ➜ Explicit dependency on target 'FirebaseCore' in project 'Firebase'
        ➜ Explicit dependency on target 'FirebaseInstallations' in project 'Firebase'
        ➜ Explicit dependency on target 'FirebaseAnalyticsWrapper' in project 'Firebase'
        ➜ Explicit dependency on target 'GULNSData' in project 'GoogleUtilities'
        ➜ Explicit dependency on target 'GULEnvironment' in project 'GoogleUtilities'
        ➜ Explicit dependency on target 'GULLogger' in project 'GoogleUtilities'
        ➜ Explicit dependency on target 'FBLPromises' in project 'Promises'
        ➜ Explicit dependency on target 'GULUserDefaults' in project 'GoogleUtilities'
        ➜ Explicit dependency on target 'GoogleAppMeasurement' in project 'GoogleAppMeasurement'
        ➜ Explicit dependency on target 'GULAppDelegateSwizzler' in project 'GoogleUtilities'
        ➜ Explicit dependency on target 'GULMethodSwizzler' in project 'GoogleUtilities'
        ➜ Explicit dependency on target 'GULNetwork' in project 'GoogleUtilities'
        ➜ Explicit dependency on target 'nanopb' in project 'nanopb'
    Target 'FirebaseAnalyticsTarget' in project 'Firebase'
        ➜ Explicit dependency on target 'Firebase' in project 'Firebase'
        ➜ Explicit dependency on target 'FirebaseCoreInternal' in project 'Firebase'
        ➜ Explicit dependency on target 'FirebaseCore' in project 'Firebase'
        ➜ Explicit dependency on target 'FirebaseInstallations' in project 'Firebase'
        ➜ Explicit dependency on target 'FirebaseAnalyticsWrapper' in project 'Firebase'
        ➜ Explicit dependency on target 'GULNSData' in project 'GoogleUtilities'
        ➜ Explicit dependency on target 'GULEnvironment' in project 'GoogleUtilities'
        ➜ Explicit dependency on target 'GULLogger' in project 'GoogleUtilities'
        ➜ Explicit dependency on target 'FBLPromises' in project 'Promises'
        ➜ Explicit dependency on target 'GULUserDefaults' in project 'GoogleUtilities'
        ➜ Explicit dependency on target 'GoogleAppMeasurement' in project 'GoogleAppMeasurement'
        ➜ Explicit dependency on target 'GULAppDelegateSwizzler' in project 'GoogleUtilities'
        ➜ Explicit dependency on target 'GULMethodSwizzler' in project 'GoogleUtilities'
        ➜ Explicit dependency on target 'GULNetwork' in project 'GoogleUtilities'
        ➜ Explicit dependency on target 'nanopb' in project 'nanopb'
    Target 'FirebaseAnalyticsWrapper' in project 'Firebase'
        ➜ Explicit dependency on target 'Firebase' in project 'Firebase'
        ➜ Explicit dependency on target 'FirebaseCoreInternal' in project 'Firebase'
        ➜ Explicit dependency on target 'FirebaseCore' in project 'Firebase'
        ➜ Explicit dependency on target 'FirebaseInstallations' in project 'Firebase'
        ➜ Explicit dependency on target 'GULNSData' in project 'GoogleUtilities'
        ➜ Explicit dependency on target 'GULEnvironment' in project 'GoogleUtilities'
        ➜ Explicit dependency on target 'GULLogger' in project 'GoogleUtilities'
        ➜ Explicit dependency on target 'FBLPromises' in project 'Promises'
        ➜ Explicit dependency on target 'GULUserDefaults' in project 'GoogleUtilities'
        ➜ Explicit dependency on target 'GoogleAppMeasurement' in project 'GoogleAppMeasurement'
        ➜ Explicit dependency on target 'GULAppDelegateSwizzler' in project 'GoogleUtilities'
        ➜ Explicit dependency on target 'GULMethodSwizzler' in project 'GoogleUtilities'
        ➜ Explicit dependency on target 'GULNetwork' in project 'GoogleUtilities'
        ➜ Explicit dependency on target 'nanopb' in project 'nanopb'
    Target 'GoogleAppMeasurement' in project 'GoogleAppMeasurement'
        ➜ Explicit dependency on target 'GoogleAppMeasurementTarget' in project 'GoogleAppMeasurement'
        ➜ Explicit dependency on target 'GULAppDelegateSwizzler' in project 'GoogleUtilities'
        ➜ Explicit dependency on target 'GULMethodSwizzler' in project 'GoogleUtilities'
        ➜ Explicit dependency on target 'GULNSData' in project 'GoogleUtilities'
        ➜ Explicit dependency on target 'GULNetwork' in project 'GoogleUtilities'
        ➜ Explicit dependency on target 'GULLogger' in project 'GoogleUtilities'
        ➜ Explicit dependency on target 'GULEnvironment' in project 'GoogleUtilities'
        ➜ Explicit dependency on target 'nanopb' in project 'nanopb'
        ➜ Explicit dependency on target 'GoogleAdsOnDeviceConversion' in project 'GoogleAdsOnDeviceConversion'
    Target 'GoogleAppMeasurementTarget' in project 'GoogleAppMeasurement'
        ➜ Explicit dependency on target 'GULAppDelegateSwizzler' in project 'GoogleUtilities'
        ➜ Explicit dependency on target 'GULMethodSwizzler' in project 'GoogleUtilities'
        ➜ Explicit dependency on target 'GULNSData' in project 'GoogleUtilities'
        ➜ Explicit dependency on target 'GULNetwork' in project 'GoogleUtilities'
        ➜ Explicit dependency on target 'GULLogger' in project 'GoogleUtilities'
        ➜ Explicit dependency on target 'GULEnvironment' in project 'GoogleUtilities'
        ➜ Explicit dependency on target 'nanopb' in project 'nanopb'
        ➜ Explicit dependency on target 'GoogleAdsOnDeviceConversion' in project 'GoogleAdsOnDeviceConversion'
    Target 'GoogleAdsOnDeviceConversion' in project 'GoogleAdsOnDeviceConversion'
        ➜ Explicit dependency on target 'GoogleAdsOnDeviceConversionTarget' in project 'GoogleAdsOnDeviceConversion'
        ➜ Explicit dependency on target 'GULEnvironment' in project 'GoogleUtilities'
        ➜ Explicit dependency on target 'GULLogger' in project 'GoogleUtilities'
        ➜ Explicit dependency on target 'GULNetwork' in project 'GoogleUtilities'
        ➜ Explicit dependency on target 'nanopb' in project 'nanopb'
    Target 'GoogleAdsOnDeviceConversionTarget' in project 'GoogleAdsOnDeviceConversion'
        ➜ Explicit dependency on target 'GULEnvironment' in project 'GoogleUtilities'
        ➜ Explicit dependency on target 'GULLogger' in project 'GoogleUtilities'
        ➜ Explicit dependency on target 'GULNetwork' in project 'GoogleUtilities'
        ➜ Explicit dependency on target 'nanopb' in project 'nanopb'
    Target 'nanopb' in project 'nanopb'
        ➜ Explicit dependency on target 'nanopb' in project 'nanopb'
        ➜ Explicit dependency on target 'nanopb_nanopb' in project 'nanopb'
    Target 'nanopb' in project 'nanopb'
        ➜ Explicit dependency on target 'nanopb_nanopb' in project 'nanopb'
    Target 'nanopb_nanopb' in project 'nanopb' (no dependencies)
    Target 'GULNetwork' in project 'GoogleUtilities'
        ➜ Explicit dependency on target 'GoogleUtilities-Network' in project 'GoogleUtilities'
        ➜ Explicit dependency on target 'GoogleUtilities_GoogleUtilities-Network' in project 'GoogleUtilities'
        ➜ Explicit dependency on target 'third-party-IsAppEncrypted' in project 'GoogleUtilities'
        ➜ Explicit dependency on target 'GoogleUtilities-Environment' in project 'GoogleUtilities'
        ➜ Explicit dependency on target 'GoogleUtilities-Logger' in project 'GoogleUtilities'
        ➜ Explicit dependency on target 'GoogleUtilities-NSData' in project 'GoogleUtilities'
        ➜ Explicit dependency on target 'GoogleUtilities-Reachability' in project 'GoogleUtilities'
    Target 'GULMethodSwizzler' in project 'GoogleUtilities'
        ➜ Explicit dependency on target 'GoogleUtilities-MethodSwizzler' in project 'GoogleUtilities'
        ➜ Explicit dependency on target 'GoogleUtilities_GoogleUtilities-MethodSwizzler' in project 'GoogleUtilities'
        ➜ Explicit dependency on target 'third-party-IsAppEncrypted' in project 'GoogleUtilities'
        ➜ Explicit dependency on target 'GoogleUtilities-Environment' in project 'GoogleUtilities'
        ➜ Explicit dependency on target 'GoogleUtilities-Logger' in project 'GoogleUtilities'
    Target 'GoogleUtilities-MethodSwizzler' in project 'GoogleUtilities'
        ➜ Explicit dependency on target 'GoogleUtilities_GoogleUtilities-MethodSwizzler' in project 'GoogleUtilities'
        ➜ Explicit dependency on target 'third-party-IsAppEncrypted' in project 'GoogleUtilities'
        ➜ Explicit dependency on target 'GoogleUtilities-Environment' in project 'GoogleUtilities'
        ➜ Explicit dependency on target 'GoogleUtilities-Logger' in project 'GoogleUtilities'
    Target 'GoogleUtilities_GoogleUtilities-MethodSwizzler' in project 'GoogleUtilities' (no dependencies)
    Target 'GULAppDelegateSwizzler' in project 'GoogleUtilities'
        ➜ Explicit dependency on target 'GoogleUtilities-AppDelegateSwizzler' in project 'GoogleUtilities'
        ➜ Explicit dependency on target 'GoogleUtilities_GoogleUtilities-AppDelegateSwizzler' in project 'GoogleUtilities'
        ➜ Explicit dependency on target 'third-party-IsAppEncrypted' in project 'GoogleUtilities'
        ➜ Explicit dependency on target 'GoogleUtilities-Environment' in project 'GoogleUtilities'
        ➜ Explicit dependency on target 'GoogleUtilities-Logger' in project 'GoogleUtilities'
        ➜ Explicit dependency on target 'GoogleUtilities-NSData' in project 'GoogleUtilities'
        ➜ Explicit dependency on target 'GoogleUtilities-Reachability' in project 'GoogleUtilities'
        ➜ Explicit dependency on target 'GoogleUtilities-Network' in project 'GoogleUtilities'
    Target 'GoogleUtilities-AppDelegateSwizzler' in project 'GoogleUtilities'
        ➜ Explicit dependency on target 'GoogleUtilities_GoogleUtilities-AppDelegateSwizzler' in project 'GoogleUtilities'
        ➜ Explicit dependency on target 'third-party-IsAppEncrypted' in project 'GoogleUtilities'
        ➜ Explicit dependency on target 'GoogleUtilities-Environment' in project 'GoogleUtilities'
        ➜ Explicit dependency on target 'GoogleUtilities-Logger' in project 'GoogleUtilities'
        ➜ Explicit dependency on target 'GoogleUtilities-NSData' in project 'GoogleUtilities'
        ➜ Explicit dependency on target 'GoogleUtilities-Reachability' in project 'GoogleUtilities'
        ➜ Explicit dependency on target 'GoogleUtilities-Network' in project 'GoogleUtilities'
    Target 'GoogleUtilities-Network' in project 'GoogleUtilities'
        ➜ Explicit dependency on target 'GoogleUtilities_GoogleUtilities-Network' in project 'GoogleUtilities'
        ➜ Explicit dependency on target 'third-party-IsAppEncrypted' in project 'GoogleUtilities'
        ➜ Explicit dependency on target 'GoogleUtilities-Environment' in project 'GoogleUtilities'
        ➜ Explicit dependency on target 'GoogleUtilities-Logger' in project 'GoogleUtilities'
        ➜ Explicit dependency on target 'GoogleUtilities-NSData' in project 'GoogleUtilities'
        ➜ Explicit dependency on target 'GoogleUtilities-Reachability' in project 'GoogleUtilities'
    Target 'GoogleUtilities_GoogleUtilities-Network' in project 'GoogleUtilities' (no dependencies)
    Target 'GoogleUtilities-Reachability' in project 'GoogleUtilities'
        ➜ Explicit dependency on target 'GoogleUtilities_GoogleUtilities-Reachability' in project 'GoogleUtilities'
        ➜ Explicit dependency on target 'third-party-IsAppEncrypted' in project 'GoogleUtilities'
        ➜ Explicit dependency on target 'GoogleUtilities-Environment' in project 'GoogleUtilities'
        ➜ Explicit dependency on target 'GoogleUtilities-Logger' in project 'GoogleUtilities'
    Target 'GoogleUtilities_GoogleUtilities-Reachability' in project 'GoogleUtilities' (no dependencies)
    Target 'GoogleUtilities_GoogleUtilities-AppDelegateSwizzler' in project 'GoogleUtilities' (no dependencies)
    Target 'FirebaseInstallations' in project 'Firebase'
        ➜ Explicit dependency on target 'Firebase_FirebaseInstallations' in project 'Firebase'
        ➜ Explicit dependency on target 'Firebase' in project 'Firebase'
        ➜ Explicit dependency on target 'FirebaseCoreInternal' in project 'Firebase'
        ➜ Explicit dependency on target 'FirebaseCore' in project 'Firebase'
        ➜ Explicit dependency on target 'GULNSData' in project 'GoogleUtilities'
        ➜ Explicit dependency on target 'GULEnvironment' in project 'GoogleUtilities'
        ➜ Explicit dependency on target 'GULLogger' in project 'GoogleUtilities'
        ➜ Explicit dependency on target 'FBLPromises' in project 'Promises'
        ➜ Explicit dependency on target 'GULUserDefaults' in project 'GoogleUtilities'
    Target 'Firebase_FirebaseInstallations' in project 'Firebase' (no dependencies)
    Target 'GoogleSignInSwift' in project 'GoogleSignIn'
        ➜ Explicit dependency on target 'GoogleSignInSwift' in project 'GoogleSignIn'
        ➜ Explicit dependency on target 'GoogleSignIn_GoogleSignInSwift' in project 'GoogleSignIn'
        ➜ Explicit dependency on target 'GoogleSignIn' in project 'GoogleSignIn'
        ➜ Explicit dependency on target 'AppAuth' in project 'AppAuth'
        ➜ Explicit dependency on target 'AppAuthCore' in project 'AppAuth'
        ➜ Explicit dependency on target 'AppCheckCore' in project 'AppCheck'
        ➜ Explicit dependency on target 'GTMAppAuth' in project 'GTMAppAuth'
        ➜ Explicit dependency on target 'GTMSessionFetcherCore' in project 'GTMSessionFetcher'
    Target 'GoogleSignInSwift' in project 'GoogleSignIn'
        ➜ Explicit dependency on target 'GoogleSignIn_GoogleSignInSwift' in project 'GoogleSignIn'
        ➜ Explicit dependency on target 'GoogleSignIn' in project 'GoogleSignIn'
        ➜ Explicit dependency on target 'AppAuth' in project 'AppAuth'
        ➜ Explicit dependency on target 'AppAuthCore' in project 'AppAuth'
        ➜ Explicit dependency on target 'AppCheckCore' in project 'AppCheck'
        ➜ Explicit dependency on target 'GTMAppAuth' in project 'GTMAppAuth'
        ➜ Explicit dependency on target 'GTMSessionFetcherCore' in project 'GTMSessionFetcher'
    Target 'GoogleSignIn_GoogleSignInSwift' in project 'GoogleSignIn' (no dependencies)
    Target 'FirebaseCore' in project 'Firebase'
        ➜ Explicit dependency on target 'FirebaseCore' in project 'Firebase'
        ➜ Explicit dependency on target 'Firebase_FirebaseCore' in project 'Firebase'
        ➜ Explicit dependency on target 'Firebase' in project 'Firebase'
        ➜ Explicit dependency on target 'FirebaseCoreInternal' in project 'Firebase'
        ➜ Explicit dependency on target 'GULNSData' in project 'GoogleUtilities'
        ➜ Explicit dependency on target 'GULEnvironment' in project 'GoogleUtilities'
        ➜ Explicit dependency on target 'GULLogger' in project 'GoogleUtilities'
    Target 'FirebaseCore' in project 'Firebase'
        ➜ Explicit dependency on target 'Firebase_FirebaseCore' in project 'Firebase'
        ➜ Explicit dependency on target 'Firebase' in project 'Firebase'
        ➜ Explicit dependency on target 'FirebaseCoreInternal' in project 'Firebase'
        ➜ Explicit dependency on target 'GULNSData' in project 'GoogleUtilities'
        ➜ Explicit dependency on target 'GULEnvironment' in project 'GoogleUtilities'
        ➜ Explicit dependency on target 'GULLogger' in project 'GoogleUtilities'
    Target 'GULLogger' in project 'GoogleUtilities'
        ➜ Explicit dependency on target 'GoogleUtilities-Logger' in project 'GoogleUtilities'
        ➜ Explicit dependency on target 'GoogleUtilities_GoogleUtilities-Logger' in project 'GoogleUtilities'
        ➜ Explicit dependency on target 'third-party-IsAppEncrypted' in project 'GoogleUtilities'
        ➜ Explicit dependency on target 'GoogleUtilities-Environment' in project 'GoogleUtilities'
    Target 'FirebaseCoreInternal' in project 'Firebase'
        ➜ Explicit dependency on target 'Firebase_FirebaseCoreInternal' in project 'Firebase'
        ➜ Explicit dependency on target 'GULNSData' in project 'GoogleUtilities'
    Target 'GULNSData' in project 'GoogleUtilities'
        ➜ Explicit dependency on target 'GoogleUtilities-NSData' in project 'GoogleUtilities'
        ➜ Explicit dependency on target 'GoogleUtilities_GoogleUtilities-NSData' in project 'GoogleUtilities'
    Target 'GoogleUtilities-NSData' in project 'GoogleUtilities'
        ➜ Explicit dependency on target 'GoogleUtilities_GoogleUtilities-NSData' in project 'GoogleUtilities'
    Target 'GoogleUtilities_GoogleUtilities-NSData' in project 'GoogleUtilities' (no dependencies)
    Target 'Firebase_FirebaseCoreInternal' in project 'Firebase' (no dependencies)
    Target 'Firebase' in project 'Firebase' (no dependencies)
    Target 'Firebase_FirebaseCore' in project 'Firebase' (no dependencies)
    Target 'GoogleSignIn' in project 'GoogleSignIn'
        ➜ Explicit dependency on target 'GoogleSignIn' in project 'GoogleSignIn'
        ➜ Explicit dependency on target 'GoogleSignIn_GoogleSignIn' in project 'GoogleSignIn'
        ➜ Explicit dependency on target 'AppAuth' in project 'AppAuth'
        ➜ Explicit dependency on target 'AppAuthCore' in project 'AppAuth'
        ➜ Explicit dependency on target 'AppCheckCore' in project 'AppCheck'
        ➜ Explicit dependency on target 'GTMAppAuth' in project 'GTMAppAuth'
        ➜ Explicit dependency on target 'GTMSessionFetcherCore' in project 'GTMSessionFetcher'
    Target 'GoogleSignIn' in project 'GoogleSignIn'
        ➜ Explicit dependency on target 'GoogleSignIn_GoogleSignIn' in project 'GoogleSignIn'
        ➜ Explicit dependency on target 'AppAuth' in project 'AppAuth'
        ➜ Explicit dependency on target 'AppAuthCore' in project 'AppAuth'
        ➜ Explicit dependency on target 'AppCheckCore' in project 'AppCheck'
        ➜ Explicit dependency on target 'GTMAppAuth' in project 'GTMAppAuth'
        ➜ Explicit dependency on target 'GTMSessionFetcherCore' in project 'GTMSessionFetcher'
    Target 'GTMAppAuth' in project 'GTMAppAuth'
        ➜ Explicit dependency on target 'GTMAppAuth' in project 'GTMAppAuth'
        ➜ Explicit dependency on target 'GTMAppAuth_GTMAppAuth' in project 'GTMAppAuth'
        ➜ Explicit dependency on target 'GTMSessionFetcherCore' in project 'GTMSessionFetcher'
        ➜ Explicit dependency on target 'AppAuthCore' in project 'AppAuth'
    Target 'GTMAppAuth' in project 'GTMAppAuth'
        ➜ Explicit dependency on target 'GTMAppAuth_GTMAppAuth' in project 'GTMAppAuth'
        ➜ Explicit dependency on target 'GTMSessionFetcherCore' in project 'GTMSessionFetcher'
        ➜ Explicit dependency on target 'AppAuthCore' in project 'AppAuth'
    Target 'GTMSessionFetcherCore' in project 'GTMSessionFetcher'
        ➜ Explicit dependency on target 'GTMSessionFetcherCore' in project 'GTMSessionFetcher'
        ➜ Explicit dependency on target 'GTMSessionFetcher_GTMSessionFetcherCore' in project 'GTMSessionFetcher'
    Target 'GTMSessionFetcherCore' in project 'GTMSessionFetcher'
        ➜ Explicit dependency on target 'GTMSessionFetcher_GTMSessionFetcherCore' in project 'GTMSessionFetcher'
    Target 'GTMSessionFetcher_GTMSessionFetcherCore' in project 'GTMSessionFetcher' (no dependencies)
    Target 'GTMAppAuth_GTMAppAuth' in project 'GTMAppAuth' (no dependencies)
    Target 'AppCheckCore' in project 'AppCheck'
        ➜ Explicit dependency on target 'AppCheckCore' in project 'AppCheck'
        ➜ Explicit dependency on target 'FBLPromises' in project 'Promises'
        ➜ Explicit dependency on target 'GULEnvironment' in project 'GoogleUtilities'
        ➜ Explicit dependency on target 'GULUserDefaults' in project 'GoogleUtilities'
    Target 'AppCheckCore' in project 'AppCheck'
        ➜ Explicit dependency on target 'FBLPromises' in project 'Promises'
        ➜ Explicit dependency on target 'GULEnvironment' in project 'GoogleUtilities'
        ➜ Explicit dependency on target 'GULUserDefaults' in project 'GoogleUtilities'
    Target 'GULUserDefaults' in project 'GoogleUtilities'
        ➜ Explicit dependency on target 'GoogleUtilities-UserDefaults' in project 'GoogleUtilities'
        ➜ Explicit dependency on target 'GoogleUtilities_GoogleUtilities-UserDefaults' in project 'GoogleUtilities'
        ➜ Explicit dependency on target 'third-party-IsAppEncrypted' in project 'GoogleUtilities'
        ➜ Explicit dependency on target 'GoogleUtilities-Environment' in project 'GoogleUtilities'
        ➜ Explicit dependency on target 'GoogleUtilities-Logger' in project 'GoogleUtilities'
    Target 'GoogleUtilities-UserDefaults' in project 'GoogleUtilities'
        ➜ Explicit dependency on target 'GoogleUtilities_GoogleUtilities-UserDefaults' in project 'GoogleUtilities'
        ➜ Explicit dependency on target 'third-party-IsAppEncrypted' in project 'GoogleUtilities'
        ➜ Explicit dependency on target 'GoogleUtilities-Environment' in project 'GoogleUtilities'
        ➜ Explicit dependency on target 'GoogleUtilities-Logger' in project 'GoogleUtilities'
    Target 'GoogleUtilities-Logger' in project 'GoogleUtilities'
        ➜ Explicit dependency on target 'GoogleUtilities_GoogleUtilities-Logger' in project 'GoogleUtilities'
        ➜ Explicit dependency on target 'third-party-IsAppEncrypted' in project 'GoogleUtilities'
        ➜ Explicit dependency on target 'GoogleUtilities-Environment' in project 'GoogleUtilities'
    Target 'GoogleUtilities_GoogleUtilities-Logger' in project 'GoogleUtilities' (no dependencies)
    Target 'GoogleUtilities_GoogleUtilities-UserDefaults' in project 'GoogleUtilities' (no dependencies)
    Target 'GULEnvironment' in project 'GoogleUtilities'
        ➜ Explicit dependency on target 'GoogleUtilities-Environment' in project 'GoogleUtilities'
        ➜ Explicit dependency on target 'GoogleUtilities_GoogleUtilities-Environment' in project 'GoogleUtilities'
        ➜ Explicit dependency on target 'third-party-IsAppEncrypted' in project 'GoogleUtilities'
    Target 'GoogleUtilities-Environment' in project 'GoogleUtilities'
        ➜ Explicit dependency on target 'GoogleUtilities_GoogleUtilities-Environment' in project 'GoogleUtilities'
        ➜ Explicit dependency on target 'third-party-IsAppEncrypted' in project 'GoogleUtilities'
    Target 'third-party-IsAppEncrypted' in project 'GoogleUtilities' (no dependencies)
    Target 'GoogleUtilities_GoogleUtilities-Environment' in project 'GoogleUtilities' (no dependencies)
    Target 'FBLPromises' in project 'Promises'
        ➜ Explicit dependency on target 'FBLPromises' in project 'Promises'
        ➜ Explicit dependency on target 'Promises_FBLPromises' in project 'Promises'
    Target 'FBLPromises' in project 'Promises'
        ➜ Explicit dependency on target 'Promises_FBLPromises' in project 'Promises'
    Target 'Promises_FBLPromises' in project 'Promises' (no dependencies)
    Target 'AppAuthCore' in project 'AppAuth'
        ➜ Explicit dependency on target 'AppAuthCore' in project 'AppAuth'
        ➜ Explicit dependency on target 'AppAuth_AppAuthCore' in project 'AppAuth'
    Target 'AppAuth' in project 'AppAuth'
        ➜ Explicit dependency on target 'AppAuth' in project 'AppAuth'
        ➜ Explicit dependency on target 'AppAuth_AppAuth' in project 'AppAuth'
        ➜ Explicit dependency on target 'AppAuthCore' in project 'AppAuth'
    Target 'AppAuth' in project 'AppAuth'
        ➜ Explicit dependency on target 'AppAuth_AppAuth' in project 'AppAuth'
        ➜ Explicit dependency on target 'AppAuthCore' in project 'AppAuth'
    Target 'AppAuthCore' in project 'AppAuth'
        ➜ Explicit dependency on target 'AppAuth_AppAuthCore' in project 'AppAuth'
    Target 'AppAuth_AppAuthCore' in project 'AppAuth' (no dependencies)
    Target 'AppAuth_AppAuth' in project 'AppAuth' (no dependencies)
    Target 'GoogleSignIn_GoogleSignIn' in project 'GoogleSignIn' (no dependencies)

GatherProvisioningInputs

CreateBuildDescription

ExecuteExternalTool /Applications/Xcode.app/Contents/Developer/Toolchains/XcodeDefault.xctoolchain/usr/bin/clang -v -E -dM -arch arm64 -isysroot /Applications/Xcode.app/Contents/Developer/Platforms/iPhoneSimulator.platform/Developer/SDKs/iPhoneSimulator26.2.sdk -x objective-c -c /dev/null

ExecuteExternalTool /Applications/Xcode.app/Contents/Developer/Toolchains/XcodeDefault.xctoolchain/usr/bin/swiftc --version

ExecuteExternalTool /Applications/Xcode.app/Contents/Developer/Toolchains/XcodeDefault.xctoolchain/usr/bin/clang -v -E -dM -isysroot /Applications/Xcode.app/Contents/Developer/Platforms/iPhoneSimulator.platform/Developer/SDKs/iPhoneSimulator26.2.sdk -x c -c /dev/null

ExecuteExternalTool /Applications/Xcode.app/Contents/Developer/usr/bin/momc --dry-run --action generate --swift-version 5.0 --sdkroot /Applications/Xcode.app/Contents/Developer/Platforms/iPhoneSimulator.platform/Developer/SDKs/iPhoneSimulator26.2.sdk --iphonesimulator-deployment-target 18.6 --module moment /Users/wenli/Desktop/workspace/moment/moment/moment.xcdatamodeld /Users/wenli/Library/Developer/Xcode/DerivedData/moment-dfbepytmktfpepbfqgvqqpejzmlp/Build/Intermediates.noindex/moment.build/Debug-iphonesimulator/moment.build/DerivedSources/CoreDataGenerated/moment

ExecuteExternalTool /Applications/Xcode.app/Contents/Developer/Toolchains/XcodeDefault.xctoolchain/usr/bin/clang -v -E -dM -arch arm64 -isysroot /Applications/Xcode.app/Contents/Developer/Platforms/iPhoneSimulator.platform/Developer/SDKs/iPhoneSimulator26.2.sdk -x c -c /dev/null

ExecuteExternalTool /Applications/Xcode.app/Contents/Developer/usr/bin/actool --print-asset-tag-combinations --output-format xml1 /Users/wenli/Desktop/workspace/moment/moment/Assets.xcassets

ExecuteExternalTool /Applications/Xcode.app/Contents/Developer/usr/bin/actool --version --output-format xml1

ExecuteExternalTool /Applications/Xcode.app/Contents/Developer/Toolchains/XcodeDefault.xctoolchain/usr/bin/ld -version_details

Build description signature: 57bd8bbfa1383e0948d79e21748637a8
Build description path: /Users/wenli/Library/Developer/Xcode/DerivedData/moment-dfbepytmktfpepbfqgvqqpejzmlp/Build/Intermediates.noindex/XCBuildData/57bd8bbfa1383e0948d79e21748637a8.xcbuilddata
ClangStatCache /Applications/Xcode.app/Contents/Developer/Toolchains/XcodeDefault.xctoolchain/usr/bin/clang-stat-cache /Applications/Xcode.app/Contents/Developer/Platforms/iPhoneSimulator.platform/Developer/SDKs/iPhoneSimulator26.2.sdk /Users/wenli/Library/Developer/Xcode/DerivedData/SDKStatCaches.noindex/iphonesimulator26.2-23C53-7d00a8b37fbd7999ea79df8ebc024bf0.sdkstatcache
    cd /Users/wenli/Desktop/workspace/moment/moment.xcodeproj
    /Applications/Xcode.app/Contents/Developer/Toolchains/XcodeDefault.xctoolchain/usr/bin/clang-stat-cache /Applications/Xcode.app/Contents/Developer/Platforms/iPhoneSimulator.platform/Developer/SDKs/iPhoneSimulator26.2.sdk -o /Users/wenli/Library/Developer/Xcode/DerivedData/SDKStatCaches.noindex/iphonesimulator26.2-23C53-7d00a8b37fbd7999ea79df8ebc024bf0.sdkstatcache

ProcessInfoPlistFile /Users/wenli/Library/Developer/Xcode/DerivedData/moment-dfbepytmktfpepbfqgvqqpejzmlp/Build/Products/Debug-iphonesimulator/GoogleSignIn_GoogleSignIn.bundle/Info.plist /Users/wenli/Library/Developer/Xcode/DerivedData/moment-dfbepytmktfpepbfqgvqqpejzmlp/Build/Intermediates.noindex/GoogleSignIn.build/Debug-iphonesimulator/GoogleSignIn_GoogleSignIn.build/empty-GoogleSignIn_GoogleSignIn.plist (in target 'GoogleSignIn_GoogleSignIn' from project 'GoogleSignIn')
    cd /Users/wenli/Library/Developer/Xcode/DerivedData/moment-dfbepytmktfpepbfqgvqqpejzmlp/SourcePackages/checkouts/GoogleSignIn-iOS
    builtin-infoPlistUtility /Users/wenli/Library/Developer/Xcode/DerivedData/moment-dfbepytmktfpepbfqgvqqpejzmlp/Build/Intermediates.noindex/GoogleSignIn.build/Debug-iphonesimulator/GoogleSignIn_GoogleSignIn.build/empty-GoogleSignIn_GoogleSignIn.plist -producttype com.apple.product-type.bundle -expandbuildsettings -format binary -platform iphonesimulator -o /Users/wenli/Library/Developer/Xcode/DerivedData/moment-dfbepytmktfpepbfqgvqqpejzmlp/Build/Products/Debug-iphonesimulator/GoogleSignIn_GoogleSignIn.bundle/Info.plist

ProcessInfoPlistFile /Users/wenli/Library/Developer/Xcode/DerivedData/moment-dfbepytmktfpepbfqgvqqpejzmlp/Build/Products/Debug-iphonesimulator/Firebase_FirebaseCoreInternal.bundle/Info.plist /Users/wenli/Library/Developer/Xcode/DerivedData/moment-dfbepytmktfpepbfqgvqqpejzmlp/Build/Intermediates.noindex/Firebase.build/Debug-iphonesimulator/Firebase_FirebaseCoreInternal.build/empty-Firebase_FirebaseCoreInternal.plist (in target 'Firebase_FirebaseCoreInternal' from project 'Firebase')
    cd /Users/wenli/Library/Developer/Xcode/DerivedData/moment-dfbepytmktfpepbfqgvqqpejzmlp/SourcePackages/checkouts/firebase-ios-sdk
    builtin-infoPlistUtility /Users/wenli/Library/Developer/Xcode/DerivedData/moment-dfbepytmktfpepbfqgvqqpejzmlp/Build/Intermediates.noindex/Firebase.build/Debug-iphonesimulator/Firebase_FirebaseCoreInternal.build/empty-Firebase_FirebaseCoreInternal.plist -producttype com.apple.product-type.bundle -expandbuildsettings -format binary -platform iphonesimulator -o /Users/wenli/Library/Developer/Xcode/DerivedData/moment-dfbepytmktfpepbfqgvqqpejzmlp/Build/Products/Debug-iphonesimulator/Firebase_FirebaseCoreInternal.bundle/Info.plist

ProcessInfoPlistFile /Users/wenli/Library/Developer/Xcode/DerivedData/moment-dfbepytmktfpepbfqgvqqpejzmlp/Build/Products/Debug-iphonesimulator/Firebase_FirebaseCoreExtension.bundle/Info.plist /Users/wenli/Library/Developer/Xcode/DerivedData/moment-dfbepytmktfpepbfqgvqqpejzmlp/Build/Intermediates.noindex/Firebase.build/Debug-iphonesimulator/Firebase_FirebaseCoreExtension.build/empty-Firebase_FirebaseCoreExtension.plist (in target 'Firebase_FirebaseCoreExtension' from project 'Firebase')
    cd /Users/wenli/Library/Developer/Xcode/DerivedData/moment-dfbepytmktfpepbfqgvqqpejzmlp/SourcePackages/checkouts/firebase-ios-sdk
    builtin-infoPlistUtility /Users/wenli/Library/Developer/Xcode/DerivedData/moment-dfbepytmktfpepbfqgvqqpejzmlp/Build/Intermediates.noindex/Firebase.build/Debug-iphonesimulator/Firebase_FirebaseCoreExtension.build/empty-Firebase_FirebaseCoreExtension.plist -producttype com.apple.product-type.bundle -expandbuildsettings -format binary -platform iphonesimulator -o /Users/wenli/Library/Developer/Xcode/DerivedData/moment-dfbepytmktfpepbfqgvqqpejzmlp/Build/Products/Debug-iphonesimulator/Firebase_FirebaseCoreExtension.bundle/Info.plist

ProcessInfoPlistFile /Users/wenli/Library/Developer/Xcode/DerivedData/moment-dfbepytmktfpepbfqgvqqpejzmlp/Build/Products/Debug-iphonesimulator/GTMSessionFetcher_GTMSessionFetcherCore.bundle/Info.plist /Users/wenli/Library/Developer/Xcode/DerivedData/moment-dfbepytmktfpepbfqgvqqpejzmlp/Build/Intermediates.noindex/GTMSessionFetcher.build/Debug-iphonesimulator/GTMSessionFetcher_GTMSessionFetcherCore.build/empty-GTMSessionFetcher_GTMSessionFetcherCore.plist (in target 'GTMSessionFetcher_GTMSessionFetcherCore' from project 'GTMSessionFetcher')
    cd /Users/wenli/Library/Developer/Xcode/DerivedData/moment-dfbepytmktfpepbfqgvqqpejzmlp/SourcePackages/checkouts/gtm-session-fetcher
    builtin-infoPlistUtility /Users/wenli/Library/Developer/Xcode/DerivedData/moment-dfbepytmktfpepbfqgvqqpejzmlp/Build/Intermediates.noindex/GTMSessionFetcher.build/Debug-iphonesimulator/GTMSessionFetcher_GTMSessionFetcherCore.build/empty-GTMSessionFetcher_GTMSessionFetcherCore.plist -producttype com.apple.product-type.bundle -expandbuildsettings -format binary -platform iphonesimulator -o /Users/wenli/Library/Developer/Xcode/DerivedData/moment-dfbepytmktfpepbfqgvqqpejzmlp/Build/Products/Debug-iphonesimulator/GTMSessionFetcher_GTMSessionFetcherCore.bundle/Info.plist

ProcessInfoPlistFile /Users/wenli/Library/Developer/Xcode/DerivedData/moment-dfbepytmktfpepbfqgvqqpejzmlp/Build/Products/Debug-iphonesimulator/Firebase_FirebaseCore.bundle/Info.plist /Users/wenli/Library/Developer/Xcode/DerivedData/moment-dfbepytmktfpepbfqgvqqpejzmlp/Build/Intermediates.noindex/Firebase.build/Debug-iphonesimulator/Firebase_FirebaseCore.build/empty-Firebase_FirebaseCore.plist (in target 'Firebase_FirebaseCore' from project 'Firebase')
    cd /Users/wenli/Library/Developer/Xcode/DerivedData/moment-dfbepytmktfpepbfqgvqqpejzmlp/SourcePackages/checkouts/firebase-ios-sdk
    builtin-infoPlistUtility /Users/wenli/Library/Developer/Xcode/DerivedData/moment-dfbepytmktfpepbfqgvqqpejzmlp/Build/Intermediates.noindex/Firebase.build/Debug-iphonesimulator/Firebase_FirebaseCore.build/empty-Firebase_FirebaseCore.plist -producttype com.apple.product-type.bundle -expandbuildsettings -format binary -platform iphonesimulator -o /Users/wenli/Library/Developer/Xcode/DerivedData/moment-dfbepytmktfpepbfqgvqqpejzmlp/Build/Products/Debug-iphonesimulator/Firebase_FirebaseCore.bundle/Info.plist

ProcessInfoPlistFile /Users/wenli/Library/Developer/Xcode/DerivedData/moment-dfbepytmktfpepbfqgvqqpejzmlp/Build/Products/Debug-iphonesimulator/GoogleUtilities_GoogleUtilities-MethodSwizzler.bundle/Info.plist /Users/wenli/Library/Developer/Xcode/DerivedData/moment-dfbepytmktfpepbfqgvqqpejzmlp/Build/Intermediates.noindex/GoogleUtilities.build/Debug-iphonesimulator/GoogleUtilities_GoogleUtilities-MethodSwizzler.build/empty-GoogleUtilities_GoogleUtilities-MethodSwizzler.plist (in target 'GoogleUtilities_GoogleUtilities-MethodSwizzler' from project 'GoogleUtilities')
    cd /Users/wenli/Library/Developer/Xcode/DerivedData/moment-dfbepytmktfpepbfqgvqqpejzmlp/SourcePackages/checkouts/GoogleUtilities
    builtin-infoPlistUtility /Users/wenli/Library/Developer/Xcode/DerivedData/moment-dfbepytmktfpepbfqgvqqpejzmlp/Build/Intermediates.noindex/GoogleUtilities.build/Debug-iphonesimulator/GoogleUtilities_GoogleUtilities-MethodSwizzler.build/empty-GoogleUtilities_GoogleUtilities-MethodSwizzler.plist -producttype com.apple.product-type.bundle -expandbuildsettings -format binary -platform iphonesimulator -o /Users/wenli/Library/Developer/Xcode/DerivedData/moment-dfbepytmktfpepbfqgvqqpejzmlp/Build/Products/Debug-iphonesimulator/GoogleUtilities_GoogleUtilities-MethodSwizzler.bundle/Info.plist

ProcessInfoPlistFile /Users/wenli/Library/Developer/Xcode/DerivedData/moment-dfbepytmktfpepbfqgvqqpejzmlp/Build/Products/Debug-iphonesimulator/GoogleSignIn_GoogleSignInSwift.bundle/Info.plist /Users/wenli/Library/Developer/Xcode/DerivedData/moment-dfbepytmktfpepbfqgvqqpejzmlp/Build/Intermediates.noindex/GoogleSignIn.build/Debug-iphonesimulator/GoogleSignIn_GoogleSignInSwift.build/empty-GoogleSignIn_GoogleSignInSwift.plist (in target 'GoogleSignIn_GoogleSignInSwift' from project 'GoogleSignIn')
    cd /Users/wenli/Library/Developer/Xcode/DerivedData/moment-dfbepytmktfpepbfqgvqqpejzmlp/SourcePackages/checkouts/GoogleSignIn-iOS
    builtin-infoPlistUtility /Users/wenli/Library/Developer/Xcode/DerivedData/moment-dfbepytmktfpepbfqgvqqpejzmlp/Build/Intermediates.noindex/GoogleSignIn.build/Debug-iphonesimulator/GoogleSignIn_GoogleSignInSwift.build/empty-GoogleSignIn_GoogleSignInSwift.plist -producttype com.apple.product-type.bundle -expandbuildsettings -format binary -platform iphonesimulator -o /Users/wenli/Library/Developer/Xcode/DerivedData/moment-dfbepytmktfpepbfqgvqqpejzmlp/Build/Products/Debug-iphonesimulator/GoogleSignIn_GoogleSignInSwift.bundle/Info.plist

ProcessInfoPlistFile /Users/wenli/Library/Developer/Xcode/DerivedData/moment-dfbepytmktfpepbfqgvqqpejzmlp/Build/Products/Debug-iphonesimulator/GoogleUtilities_GoogleUtilities-AppDelegateSwizzler.bundle/Info.plist /Users/wenli/Library/Developer/Xcode/DerivedData/moment-dfbepytmktfpepbfqgvqqpejzmlp/Build/Intermediates.noindex/GoogleUtilities.build/Debug-iphonesimulator/GoogleUtilities_GoogleUtilities-AppDelegateSwizzler.build/empty-GoogleUtilities_GoogleUtilities-AppDelegateSwizzler.plist (in target 'GoogleUtilities_GoogleUtilities-AppDelegateSwizzler' from project 'GoogleUtilities')
    cd /Users/wenli/Library/Developer/Xcode/DerivedData/moment-dfbepytmktfpepbfqgvqqpejzmlp/SourcePackages/checkouts/GoogleUtilities
    builtin-infoPlistUtility /Users/wenli/Library/Developer/Xcode/DerivedData/moment-dfbepytmktfpepbfqgvqqpejzmlp/Build/Intermediates.noindex/GoogleUtilities.build/Debug-iphonesimulator/GoogleUtilities_GoogleUtilities-AppDelegateSwizzler.build/empty-GoogleUtilities_GoogleUtilities-AppDelegateSwizzler.plist -producttype com.apple.product-type.bundle -expandbuildsettings -format binary -platform iphonesimulator -o /Users/wenli/Library/Developer/Xcode/DerivedData/moment-dfbepytmktfpepbfqgvqqpejzmlp/Build/Products/Debug-iphonesimulator/GoogleUtilities_GoogleUtilities-AppDelegateSwizzler.bundle/Info.plist

ProcessInfoPlistFile /Users/wenli/Library/Developer/Xcode/DerivedData/moment-dfbepytmktfpepbfqgvqqpejzmlp/Build/Products/Debug-iphonesimulator/GoogleUtilities_GoogleUtilities-Environment.bundle/Info.plist /Users/wenli/Library/Developer/Xcode/DerivedData/moment-dfbepytmktfpepbfqgvqqpejzmlp/Build/Intermediates.noindex/GoogleUtilities.build/Debug-iphonesimulator/GoogleUtilities_GoogleUtilities-Environment.build/empty-GoogleUtilities_GoogleUtilities-Environment.plist (in target 'GoogleUtilities_GoogleUtilities-Environment' from project 'GoogleUtilities')
    cd /Users/wenli/Library/Developer/Xcode/DerivedData/moment-dfbepytmktfpepbfqgvqqpejzmlp/SourcePackages/checkouts/GoogleUtilities
    builtin-infoPlistUtility /Users/wenli/Library/Developer/Xcode/DerivedData/moment-dfbepytmktfpepbfqgvqqpejzmlp/Build/Intermediates.noindex/GoogleUtilities.build/Debug-iphonesimulator/GoogleUtilities_GoogleUtilities-Environment.build/empty-GoogleUtilities_GoogleUtilities-Environment.plist -producttype com.apple.product-type.bundle -expandbuildsettings -format binary -platform iphonesimulator -o /Users/wenli/Library/Developer/Xcode/DerivedData/moment-dfbepytmktfpepbfqgvqqpejzmlp/Build/Products/Debug-iphonesimulator/GoogleUtilities_GoogleUtilities-Environment.bundle/Info.plist

ProcessInfoPlistFile /Users/wenli/Library/Developer/Xcode/DerivedData/moment-dfbepytmktfpepbfqgvqqpejzmlp/Build/Products/Debug-iphonesimulator/nanopb_nanopb.bundle/Info.plist /Users/wenli/Library/Developer/Xcode/DerivedData/moment-dfbepytmktfpepbfqgvqqpejzmlp/Build/Intermediates.noindex/nanopb.build/Debug-iphonesimulator/nanopb_nanopb.build/empty-nanopb_nanopb.plist (in target 'nanopb_nanopb' from project 'nanopb')
    cd /Users/wenli/Library/Developer/Xcode/DerivedData/moment-dfbepytmktfpepbfqgvqqpejzmlp/SourcePackages/checkouts/nanopb
    builtin-infoPlistUtility /Users/wenli/Library/Developer/Xcode/DerivedData/moment-dfbepytmktfpepbfqgvqqpejzmlp/Build/Intermediates.noindex/nanopb.build/Debug-iphonesimulator/nanopb_nanopb.build/empty-nanopb_nanopb.plist -producttype com.apple.product-type.bundle -expandbuildsettings -format binary -platform iphonesimulator -o /Users/wenli/Library/Developer/Xcode/DerivedData/moment-dfbepytmktfpepbfqgvqqpejzmlp/Build/Products/Debug-iphonesimulator/nanopb_nanopb.bundle/Info.plist

ProcessInfoPlistFile /Users/wenli/Library/Developer/Xcode/DerivedData/moment-dfbepytmktfpepbfqgvqqpejzmlp/Build/Products/Debug-iphonesimulator/Promises_FBLPromises.bundle/Info.plist /Users/wenli/Library/Developer/Xcode/DerivedData/moment-dfbepytmktfpepbfqgvqqpejzmlp/Build/Intermediates.noindex/Promises.build/Debug-iphonesimulator/Promises_FBLPromises.build/empty-Promises_FBLPromises.plist (in target 'Promises_FBLPromises' from project 'Promises')
    cd /Users/wenli/Library/Developer/Xcode/DerivedData/moment-dfbepytmktfpepbfqgvqqpejzmlp/SourcePackages/checkouts/promises
    builtin-infoPlistUtility /Users/wenli/Library/Developer/Xcode/DerivedData/moment-dfbepytmktfpepbfqgvqqpejzmlp/Build/Intermediates.noindex/Promises.build/Debug-iphonesimulator/Promises_FBLPromises.build/empty-Promises_FBLPromises.plist -producttype com.apple.product-type.bundle -expandbuildsettings -format binary -platform iphonesimulator -o /Users/wenli/Library/Developer/Xcode/DerivedData/moment-dfbepytmktfpepbfqgvqqpejzmlp/Build/Products/Debug-iphonesimulator/Promises_FBLPromises.bundle/Info.plist

ProcessInfoPlistFile /Users/wenli/Library/Developer/Xcode/DerivedData/moment-dfbepytmktfpepbfqgvqqpejzmlp/Build/Products/Debug-iphonesimulator/GoogleUtilities_GoogleUtilities-UserDefaults.bundle/Info.plist /Users/wenli/Library/Developer/Xcode/DerivedData/moment-dfbepytmktfpepbfqgvqqpejzmlp/Build/Intermediates.noindex/GoogleUtilities.build/Debug-iphonesimulator/GoogleUtilities_GoogleUtilities-UserDefaults.build/empty-GoogleUtilities_GoogleUtilities-UserDefaults.plist (in target 'GoogleUtilities_GoogleUtilities-UserDefaults' from project 'GoogleUtilities')
    cd /Users/wenli/Library/Developer/Xcode/DerivedData/moment-dfbepytmktfpepbfqgvqqpejzmlp/SourcePackages/checkouts/GoogleUtilities
    builtin-infoPlistUtility /Users/wenli/Library/Developer/Xcode/DerivedData/moment-dfbepytmktfpepbfqgvqqpejzmlp/Build/Intermediates.noindex/GoogleUtilities.build/Debug-iphonesimulator/GoogleUtilities_GoogleUtilities-UserDefaults.build/empty-GoogleUtilities_GoogleUtilities-UserDefaults.plist -producttype com.apple.product-type.bundle -expandbuildsettings -format binary -platform iphonesimulator -o /Users/wenli/Library/Developer/Xcode/DerivedData/moment-dfbepytmktfpepbfqgvqqpejzmlp/Build/Products/Debug-iphonesimulator/GoogleUtilities_GoogleUtilities-UserDefaults.bundle/Info.plist

ProcessInfoPlistFile /Users/wenli/Library/Developer/Xcode/DerivedData/moment-dfbepytmktfpepbfqgvqqpejzmlp/Build/Products/Debug-iphonesimulator/GoogleUtilities_GoogleUtilities-Reachability.bundle/Info.plist /Users/wenli/Library/Developer/Xcode/DerivedData/moment-dfbepytmktfpepbfqgvqqpejzmlp/Build/Intermediates.noindex/GoogleUtilities.build/Debug-iphonesimulator/GoogleUtilities_GoogleUtilities-Reachability.build/empty-GoogleUtilities_GoogleUtilities-Reachability.plist (in target 'GoogleUtilities_GoogleUtilities-Reachability' from project 'GoogleUtilities')
    cd /Users/wenli/Library/Developer/Xcode/DerivedData/moment-dfbepytmktfpepbfqgvqqpejzmlp/SourcePackages/checkouts/GoogleUtilities
    builtin-infoPlistUtility /Users/wenli/Library/Developer/Xcode/DerivedData/moment-dfbepytmktfpepbfqgvqqpejzmlp/Build/Intermediates.noindex/GoogleUtilities.build/Debug-iphonesimulator/GoogleUtilities_GoogleUtilities-Reachability.build/empty-GoogleUtilities_GoogleUtilities-Reachability.plist -producttype com.apple.product-type.bundle -expandbuildsettings -format binary -platform iphonesimulator -o /Users/wenli/Library/Developer/Xcode/DerivedData/moment-dfbepytmktfpepbfqgvqqpejzmlp/Build/Products/Debug-iphonesimulator/GoogleUtilities_GoogleUtilities-Reachability.bundle/Info.plist

ProcessInfoPlistFile /Users/wenli/Library/Developer/Xcode/DerivedData/moment-dfbepytmktfpepbfqgvqqpejzmlp/Build/Products/Debug-iphonesimulator/GoogleUtilities_GoogleUtilities-NSData.bundle/Info.plist /Users/wenli/Library/Developer/Xcode/DerivedData/moment-dfbepytmktfpepbfqgvqqpejzmlp/Build/Intermediates.noindex/GoogleUtilities.build/Debug-iphonesimulator/GoogleUtilities_GoogleUtilities-NSData.build/empty-GoogleUtilities_GoogleUtilities-NSData.plist (in target 'GoogleUtilities_GoogleUtilities-NSData' from project 'GoogleUtilities')
    cd /Users/wenli/Library/Developer/Xcode/DerivedData/moment-dfbepytmktfpepbfqgvqqpejzmlp/SourcePackages/checkouts/GoogleUtilities
    builtin-infoPlistUtility /Users/wenli/Library/Developer/Xcode/DerivedData/moment-dfbepytmktfpepbfqgvqqpejzmlp/Build/Intermediates.noindex/GoogleUtilities.build/Debug-iphonesimulator/GoogleUtilities_GoogleUtilities-NSData.build/empty-GoogleUtilities_GoogleUtilities-NSData.plist -producttype com.apple.product-type.bundle -expandbuildsettings -format binary -platform iphonesimulator -o /Users/wenli/Library/Developer/Xcode/DerivedData/moment-dfbepytmktfpepbfqgvqqpejzmlp/Build/Products/Debug-iphonesimulator/GoogleUtilities_GoogleUtilities-NSData.bundle/Info.plist

ProcessInfoPlistFile /Users/wenli/Library/Developer/Xcode/DerivedData/moment-dfbepytmktfpepbfqgvqqpejzmlp/Build/Products/Debug-iphonesimulator/GoogleUtilities_GoogleUtilities-Network.bundle/Info.plist /Users/wenli/Library/Developer/Xcode/DerivedData/moment-dfbepytmktfpepbfqgvqqpejzmlp/Build/Intermediates.noindex/GoogleUtilities.build/Debug-iphonesimulator/GoogleUtilities_GoogleUtilities-Network.build/empty-GoogleUtilities_GoogleUtilities-Network.plist (in target 'GoogleUtilities_GoogleUtilities-Network' from project 'GoogleUtilities')
    cd /Users/wenli/Library/Developer/Xcode/DerivedData/moment-dfbepytmktfpepbfqgvqqpejzmlp/SourcePackages/checkouts/GoogleUtilities
    builtin-infoPlistUtility /Users/wenli/Library/Developer/Xcode/DerivedData/moment-dfbepytmktfpepbfqgvqqpejzmlp/Build/Intermediates.noindex/GoogleUtilities.build/Debug-iphonesimulator/GoogleUtilities_GoogleUtilities-Network.build/empty-GoogleUtilities_GoogleUtilities-Network.plist -producttype com.apple.product-type.bundle -expandbuildsettings -format binary -platform iphonesimulator -o /Users/wenli/Library/Developer/Xcode/DerivedData/moment-dfbepytmktfpepbfqgvqqpejzmlp/Build/Products/Debug-iphonesimulator/GoogleUtilities_GoogleUtilities-Network.bundle/Info.plist

ProcessInfoPlistFile /Users/wenli/Library/Developer/Xcode/DerivedData/moment-dfbepytmktfpepbfqgvqqpejzmlp/Build/Products/Debug-iphonesimulator/GoogleUtilities_GoogleUtilities-Logger.bundle/Info.plist /Users/wenli/Library/Developer/Xcode/DerivedData/moment-dfbepytmktfpepbfqgvqqpejzmlp/Build/Intermediates.noindex/GoogleUtilities.build/Debug-iphonesimulator/GoogleUtilities_GoogleUtilities-Logger.build/empty-GoogleUtilities_GoogleUtilities-Logger.plist (in target 'GoogleUtilities_GoogleUtilities-Logger' from project 'GoogleUtilities')
    cd /Users/wenli/Library/Developer/Xcode/DerivedData/moment-dfbepytmktfpepbfqgvqqpejzmlp/SourcePackages/checkouts/GoogleUtilities
    builtin-infoPlistUtility /Users/wenli/Library/Developer/Xcode/DerivedData/moment-dfbepytmktfpepbfqgvqqpejzmlp/Build/Intermediates.noindex/GoogleUtilities.build/Debug-iphonesimulator/GoogleUtilities_GoogleUtilities-Logger.build/empty-GoogleUtilities_GoogleUtilities-Logger.plist -producttype com.apple.product-type.bundle -expandbuildsettings -format binary -platform iphonesimulator -o /Users/wenli/Library/Developer/Xcode/DerivedData/moment-dfbepytmktfpepbfqgvqqpejzmlp/Build/Products/Debug-iphonesimulator/GoogleUtilities_GoogleUtilities-Logger.bundle/Info.plist

ProcessInfoPlistFile /Users/wenli/Library/Developer/Xcode/DerivedData/moment-dfbepytmktfpepbfqgvqqpejzmlp/Build/Products/Debug-iphonesimulator/GTMAppAuth_GTMAppAuth.bundle/Info.plist /Users/wenli/Library/Developer/Xcode/DerivedData/moment-dfbepytmktfpepbfqgvqqpejzmlp/Build/Intermediates.noindex/GTMAppAuth.build/Debug-iphonesimulator/GTMAppAuth_GTMAppAuth.build/empty-GTMAppAuth_GTMAppAuth.plist (in target 'GTMAppAuth_GTMAppAuth' from project 'GTMAppAuth')
    cd /Users/wenli/Library/Developer/Xcode/DerivedData/moment-dfbepytmktfpepbfqgvqqpejzmlp/SourcePackages/checkouts/GTMAppAuth
    builtin-infoPlistUtility /Users/wenli/Library/Developer/Xcode/DerivedData/moment-dfbepytmktfpepbfqgvqqpejzmlp/Build/Intermediates.noindex/GTMAppAuth.build/Debug-iphonesimulator/GTMAppAuth_GTMAppAuth.build/empty-GTMAppAuth_GTMAppAuth.plist -producttype com.apple.product-type.bundle -expandbuildsettings -format binary -platform iphonesimulator -o /Users/wenli/Library/Developer/Xcode/DerivedData/moment-dfbepytmktfpepbfqgvqqpejzmlp/Build/Products/Debug-iphonesimulator/GTMAppAuth_GTMAppAuth.bundle/Info.plist

ProcessInfoPlistFile /Users/wenli/Library/Developer/Xcode/DerivedData/moment-dfbepytmktfpepbfqgvqqpejzmlp/Build/Products/Debug-iphonesimulator/Firebase_FirebaseInstallations.bundle/Info.plist /Users/wenli/Library/Developer/Xcode/DerivedData/moment-dfbepytmktfpepbfqgvqqpejzmlp/Build/Intermediates.noindex/Firebase.build/Debug-iphonesimulator/Firebase_FirebaseInstallations.build/empty-Firebase_FirebaseInstallations.plist (in target 'Firebase_FirebaseInstallations' from project 'Firebase')
    cd /Users/wenli/Library/Developer/Xcode/DerivedData/moment-dfbepytmktfpepbfqgvqqpejzmlp/SourcePackages/checkouts/firebase-ios-sdk
    builtin-infoPlistUtility /Users/wenli/Library/Developer/Xcode/DerivedData/moment-dfbepytmktfpepbfqgvqqpejzmlp/Build/Intermediates.noindex/Firebase.build/Debug-iphonesimulator/Firebase_FirebaseInstallations.build/empty-Firebase_FirebaseInstallations.plist -producttype com.apple.product-type.bundle -expandbuildsettings -format binary -platform iphonesimulator -o /Users/wenli/Library/Developer/Xcode/DerivedData/moment-dfbepytmktfpepbfqgvqqpejzmlp/Build/Products/Debug-iphonesimulator/Firebase_FirebaseInstallations.bundle/Info.plist

ProcessInfoPlistFile /Users/wenli/Library/Developer/Xcode/DerivedData/moment-dfbepytmktfpepbfqgvqqpejzmlp/Build/Products/Debug-iphonesimulator/Firebase_FirebaseAuth.bundle/Info.plist /Users/wenli/Library/Developer/Xcode/DerivedData/moment-dfbepytmktfpepbfqgvqqpejzmlp/Build/Intermediates.noindex/Firebase.build/Debug-iphonesimulator/Firebase_FirebaseAuth.build/empty-Firebase_FirebaseAuth.plist (in target 'Firebase_FirebaseAuth' from project 'Firebase')
    cd /Users/wenli/Library/Developer/Xcode/DerivedData/moment-dfbepytmktfpepbfqgvqqpejzmlp/SourcePackages/checkouts/firebase-ios-sdk
    builtin-infoPlistUtility /Users/wenli/Library/Developer/Xcode/DerivedData/moment-dfbepytmktfpepbfqgvqqpejzmlp/Build/Intermediates.noindex/Firebase.build/Debug-iphonesimulator/Firebase_FirebaseAuth.build/empty-Firebase_FirebaseAuth.plist -producttype com.apple.product-type.bundle -expandbuildsettings -format binary -platform iphonesimulator -o /Users/wenli/Library/Developer/Xcode/DerivedData/moment-dfbepytmktfpepbfqgvqqpejzmlp/Build/Products/Debug-iphonesimulator/Firebase_FirebaseAuth.bundle/Info.plist

ProcessInfoPlistFile /Users/wenli/Library/Developer/Xcode/DerivedData/moment-dfbepytmktfpepbfqgvqqpejzmlp/Build/Products/Debug-iphonesimulator/AppAuth_AppAuthCore.bundle/Info.plist /Users/wenli/Library/Developer/Xcode/DerivedData/moment-dfbepytmktfpepbfqgvqqpejzmlp/Build/Intermediates.noindex/AppAuth.build/Debug-iphonesimulator/AppAuth_AppAuthCore.build/empty-AppAuth_AppAuthCore.plist (in target 'AppAuth_AppAuthCore' from project 'AppAuth')
    cd /Users/wenli/Library/Developer/Xcode/DerivedData/moment-dfbepytmktfpepbfqgvqqpejzmlp/SourcePackages/checkouts/AppAuth-iOS
    builtin-infoPlistUtility /Users/wenli/Library/Developer/Xcode/DerivedData/moment-dfbepytmktfpepbfqgvqqpejzmlp/Build/Intermediates.noindex/AppAuth.build/Debug-iphonesimulator/AppAuth_AppAuthCore.build/empty-AppAuth_AppAuthCore.plist -producttype com.apple.product-type.bundle -expandbuildsettings -format binary -platform iphonesimulator -o /Users/wenli/Library/Developer/Xcode/DerivedData/moment-dfbepytmktfpepbfqgvqqpejzmlp/Build/Products/Debug-iphonesimulator/AppAuth_AppAuthCore.bundle/Info.plist

ProcessInfoPlistFile /Users/wenli/Library/Developer/Xcode/DerivedData/moment-dfbepytmktfpepbfqgvqqpejzmlp/Build/Products/Debug-iphonesimulator/AppAuth_AppAuth.bundle/Info.plist /Users/wenli/Library/Developer/Xcode/DerivedData/moment-dfbepytmktfpepbfqgvqqpejzmlp/Build/Intermediates.noindex/AppAuth.build/Debug-iphonesimulator/AppAuth_AppAuth.build/empty-AppAuth_AppAuth.plist (in target 'AppAuth_AppAuth' from project 'AppAuth')
    cd /Users/wenli/Library/Developer/Xcode/DerivedData/moment-dfbepytmktfpepbfqgvqqpejzmlp/SourcePackages/checkouts/AppAuth-iOS
    builtin-infoPlistUtility /Users/wenli/Library/Developer/Xcode/DerivedData/moment-dfbepytmktfpepbfqgvqqpejzmlp/Build/Intermediates.noindex/AppAuth.build/Debug-iphonesimulator/AppAuth_AppAuth.build/empty-AppAuth_AppAuth.plist -producttype com.apple.product-type.bundle -expandbuildsettings -format binary -platform iphonesimulator -o /Users/wenli/Library/Developer/Xcode/DerivedData/moment-dfbepytmktfpepbfqgvqqpejzmlp/Build/Products/Debug-iphonesimulator/AppAuth_AppAuth.bundle/Info.plist

SwiftDriver moment normal arm64 com.apple.xcode.tools.swift.compiler (in target 'moment' from project 'moment')
    cd /Users/wenli/Desktop/workspace/moment
    builtin-SwiftDriver -- /Applications/Xcode.app/Contents/Developer/Toolchains/XcodeDefault.xctoolchain/usr/bin/swiftc -module-name moment -Onone -enforce-exclusivity\=checked @/Users/wenli/Library/Developer/Xcode/DerivedData/moment-dfbepytmktfpepbfqgvqqpejzmlp/Build/Intermediates.noindex/moment.build/Debug-iphonesimulator/moment.build/Objects-normal/arm64/moment.SwiftFileList -DDEBUG -Xcc -fmodule-map-file\=/Users/wenli/Library/Developer/Xcode/DerivedData/moment-dfbepytmktfpepbfqgvqqpejzmlp/Build/Intermediates.noindex/GeneratedModuleMaps-iphonesimulator/AppAuth.modulemap -Xcc -fmodule-map-file\=/Users/wenli/Library/Developer/Xcode/DerivedData/moment-dfbepytmktfpepbfqgvqqpejzmlp/Build/Intermediates.noindex/GeneratedModuleMaps-iphonesimulator/AppAuthCore.modulemap -Xcc -fmodule-map-file\=/Users/wenli/Library/Developer/Xcode/DerivedData/moment-dfbepytmktfpepbfqgvqqpejzmlp/Build/Intermediates.noindex/GeneratedModuleMaps-iphonesimulator/AppCheckCore.modulemap -Xcc -fmodule-map-file\=/Users/wenli/Library/Developer/Xcode/DerivedData/moment-dfbepytmktfpepbfqgvqqpejzmlp/Build/Intermediates.noindex/GeneratedModuleMaps-iphonesimulator/GoogleSignIn.modulemap -Xcc -fmodule-map-file\=/Users/wenli/Library/Developer/Xcode/DerivedData/moment-dfbepytmktfpepbfqgvqqpejzmlp/Build/Intermediates.noindex/GeneratedModuleMaps-iphonesimulator/GoogleUtilities-UserDefaults.modulemap -Xcc -fmodule-map-file\=/Users/wenli/Library/Developer/Xcode/DerivedData/moment-dfbepytmktfpepbfqgvqqpejzmlp/Build/Intermediates.noindex/GeneratedModuleMaps-iphonesimulator/GoogleAdsOnDeviceConversionTarget.modulemap -Xcc -fmodule-map-file\=/Users/wenli/Library/Developer/Xcode/DerivedData/moment-dfbepytmktfpepbfqgvqqpejzmlp/Build/Intermediates.noindex/GeneratedModuleMaps-iphonesimulator/GoogleAppMeasurementTarget.modulemap -Xcc -fmodule-map-file\=/Users/wenli/Library/Developer/Xcode/DerivedData/moment-dfbepytmktfpepbfqgvqqpejzmlp/Build/Intermediates.noindex/GeneratedModuleMaps-iphonesimulator/GoogleUtilities-MethodSwizzler.modulemap -Xcc -fmodule-map-file\=/Users/wenli/Library/Developer/Xcode/DerivedData/moment-dfbepytmktfpepbfqgvqqpejzmlp/Build/Intermediates.noindex/GeneratedModuleMaps-iphonesimulator/nanopb.modulemap -Xcc -fmodule-map-file\=/Users/wenli/Library/Developer/Xcode/DerivedData/moment-dfbepytmktfpepbfqgvqqpejzmlp/Build/Intermediates.noindex/GeneratedModuleMaps-iphonesimulator/FirebaseAnalyticsWrapper.modulemap -Xcc -fmodule-map-file\=/Users/wenli/Library/Developer/Xcode/DerivedData/moment-dfbepytmktfpepbfqgvqqpejzmlp/Build/Intermediates.noindex/GeneratedModuleMaps-iphonesimulator/FirebaseInstallations.modulemap -Xcc -fmodule-map-file\=/Users/wenli/Library/Developer/Xcode/DerivedData/moment-dfbepytmktfpepbfqgvqqpejzmlp/Build/Intermediates.noindex/GeneratedModuleMaps-iphonesimulator/FirebaseAnalyticsTarget.modulemap -Xcc -fmodule-map-file\=/Users/wenli/Library/Developer/Xcode/DerivedData/moment-dfbepytmktfpepbfqgvqqpejzmlp/Build/Intermediates.noindex/GeneratedModuleMaps-iphonesimulator/RecaptchaInterop.modulemap -Xcc -fmodule-map-file\=/Users/wenli/Library/Developer/Xcode/DerivedData/moment-dfbepytmktfpepbfqgvqqpejzmlp/Build/Intermediates.noindex/GeneratedModuleMaps-iphonesimulator/GoogleUtilities-Network.modulemap -Xcc -fmodule-map-file\=/Users/wenli/Library/Developer/Xcode/DerivedData/moment-dfbepytmktfpepbfqgvqqpejzmlp/Build/Intermediates.noindex/GeneratedModuleMaps-iphonesimulator/GoogleUtilities-Reachability.modulemap -Xcc -fmodule-map-file\=/Users/wenli/Library/Developer/Xcode/DerivedData/moment-dfbepytmktfpepbfqgvqqpejzmlp/Build/Intermediates.noindex/GeneratedModuleMaps-iphonesimulator/GoogleUtilities-NSData.modulemap -Xcc -fmodule-map-file\=/Users/wenli/Library/Developer/Xcode/DerivedData/moment-dfbepytmktfpepbfqgvqqpejzmlp/Build/Intermediates.noindex/GeneratedModuleMaps-iphonesimulator/GoogleUtilities-Logger.modulemap -Xcc -fmodule-map-file\=/Users/wenli/Library/Developer/Xcode/DerivedData/moment-dfbepytmktfpepbfqgvqqpejzmlp/Build/Intermediates.noindex/GeneratedModuleMaps-iphonesimulator/GoogleUtilities-Environment.modulemap -Xcc -fmodule-map-file\=/Users/wenli/Library/Developer/Xcode/DerivedData/moment-dfbepytmktfpepbfqgvqqpejzmlp/Build/Intermediates.noindex/GeneratedModuleMaps-iphonesimulator/third-party-IsAppEncrypted.modulemap -Xcc -fmodule-map-file\=/Users/wenli/Library/Developer/Xcode/DerivedData/moment-dfbepytmktfpepbfqgvqqpejzmlp/Build/Intermediates.noindex/GeneratedModuleMaps-iphonesimulator/GoogleUtilities-AppDelegateSwizzler.modulemap -Xcc -fmodule-map-file\=/Users/wenli/Library/Developer/Xcode/DerivedData/moment-dfbepytmktfpepbfqgvqqpejzmlp/Build/Intermediates.noindex/GeneratedModuleMaps-iphonesimulator/GTMSessionFetcherCore.modulemap -Xcc -fmodule-map-file\=/Users/wenli/Library/Developer/Xcode/DerivedData/moment-dfbepytmktfpepbfqgvqqpejzmlp/Build/Intermediates.noindex/GeneratedModuleMaps-iphonesimulator/FirebaseCoreExtension.modulemap -Xcc -fmodule-map-file\=/Users/wenli/Library/Developer/Xcode/DerivedData/moment-dfbepytmktfpepbfqgvqqpejzmlp/Build/Intermediates.noindex/GeneratedModuleMaps-iphonesimulator/FirebaseCore.modulemap -Xcc -fmodule-map-file\=/Users/wenli/Library/Developer/Xcode/DerivedData/moment-dfbepytmktfpepbfqgvqqpejzmlp/Build/Intermediates.noindex/GeneratedModuleMaps-iphonesimulator/FirebaseAuthInternal.modulemap -Xcc -fmodule-map-file\=/Users/wenli/Library/Developer/Xcode/DerivedData/moment-dfbepytmktfpepbfqgvqqpejzmlp/Build/Intermediates.noindex/GeneratedModuleMaps-iphonesimulator/FirebaseAuthInterop.modulemap -Xcc -fmodule-map-file\=/Users/wenli/Library/Developer/Xcode/DerivedData/moment-dfbepytmktfpepbfqgvqqpejzmlp/Build/Intermediates.noindex/GeneratedModuleMaps-iphonesimulator/FirebaseAppCheckInterop.modulemap -default-isolation\=MainActor -enable-bare-slash-regex -enable-upcoming-feature DisableOutwardActorInference -enable-upcoming-feature InferSendableFromCaptures -enable-upcoming-feature GlobalActorIsolatedTypesUsability -enable-upcoming-feature MemberImportVisibility -enable-upcoming-feature InferIsolatedConformances -enable-upcoming-feature NonisolatedNonsendingByDefault -enable-experimental-feature DebugDescriptionMacro -sdk /Applications/Xcode.app/Contents/Developer/Platforms/iPhoneSimulator.platform/Developer/SDKs/iPhoneSimulator26.2.sdk -target arm64-apple-ios18.6-simulator -g -module-cache-path /Users/wenli/Library/Developer/Xcode/DerivedData/ModuleCache.noindex -Xfrontend -serialize-debugging-options -enable-testing -index-store-path /Users/wenli/Library/Developer/Xcode/DerivedData/moment-dfbepytmktfpepbfqgvqqpejzmlp/Index.noindex/DataStore -Xcc -D_LIBCPP_HARDENING_MODE\=_LIBCPP_HARDENING_MODE_DEBUG -swift-version 5 -I /Users/wenli/Library/Developer/Xcode/DerivedData/moment-dfbepytmktfpepbfqgvqqpejzmlp/Build/Products/Debug-iphonesimulator -F /Users/wenli/Library/Developer/Xcode/DerivedData/moment-dfbepytmktfpepbfqgvqqpejzmlp/Build/Products/Debug-iphonesimulator/PackageFrameworks -F /Users/wenli/Library/Developer/Xcode/DerivedData/moment-dfbepytmktfpepbfqgvqqpejzmlp/Build/Products/Debug-iphonesimulator/PackageFrameworks -F /Users/wenli/Library/Developer/Xcode/DerivedData/moment-dfbepytmktfpepbfqgvqqpejzmlp/Build/Products/Debug-iphonesimulator/PackageFrameworks -F /Users/wenli/Library/Developer/Xcode/DerivedData/moment-dfbepytmktfpepbfqgvqqpejzmlp/Build/Products/Debug-iphonesimulator/PackageFrameworks -F /Users/wenli/Library/Developer/Xcode/DerivedData/moment-dfbepytmktfpepbfqgvqqpejzmlp/Build/Products/Debug-iphonesimulator/PackageFrameworks -F /Users/wenli/Library/Developer/Xcode/DerivedData/moment-dfbepytmktfpepbfqgvqqpejzmlp/Build/Products/Debug-iphonesimulator/PackageFrameworks -F /Users/wenli/Library/Developer/Xcode/DerivedData/moment-dfbepytmktfpepbfqgvqqpejzmlp/Build/Products/Debug-iphonesimulator/PackageFrameworks -F /Users/wenli/Library/Developer/Xcode/DerivedData/moment-dfbepytmktfpepbfqgvqqpejzmlp/Build/Products/Debug-iphonesimulator/PackageFrameworks -F /Users/wenli/Library/Developer/Xcode/DerivedData/moment-dfbepytmktfpepbfqgvqqpejzmlp/Build/Products/Debug-iphonesimulator/PackageFrameworks -F /Users/wenli/Library/Developer/Xcode/DerivedData/moment-dfbepytmktfpepbfqgvqqpejzmlp/Build/Products/Debug-iphonesimulator/PackageFrameworks -F /Users/wenli/Library/Developer/Xcode/DerivedData/moment-dfbepytmktfpepbfqgvqqpejzmlp/Build/Products/Debug-iphonesimulator/PackageFrameworks -F /Users/wenli/Library/Developer/Xcode/DerivedData/moment-dfbepytmktfpepbfqgvqqpejzmlp/Build/Products/Debug-iphonesimulator/PackageFrameworks -F /Users/wenli/Library/Developer/Xcode/DerivedData/moment-dfbepytmktfpepbfqgvqqpejzmlp/Build/Products/Debug-iphonesimulator/PackageFrameworks -F /Users/wenli/Library/Developer/Xcode/DerivedData/moment-dfbepytmktfpepbfqgvqqpejzmlp/Build/Products/Debug-iphonesimulator/PackageFrameworks -F /Users/wenli/Library/Developer/Xcode/DerivedData/moment-dfbepytmktfpepbfqgvqqpejzmlp/Build/Products/Debug-iphonesimulator/PackageFrameworks -F /Users/wenli/Library/Developer/Xcode/DerivedData/moment-dfbepytmktfpepbfqgvqqpejzmlp/Build/Products/Debug-iphonesimulator/PackageFrameworks -F /Users/wenli/Library/Developer/Xcode/DerivedData/moment-dfbepytmktfpepbfqgvqqpejzmlp/Build/Products/Debug-iphonesimulator/PackageFrameworks -F /Users/wenli/Library/Developer/Xcode/DerivedData/moment-dfbepytmktfpepbfqgvqqpejzmlp/Build/Products/Debug-iphonesimulator/PackageFrameworks -F /Users/wenli/Library/Developer/Xcode/DerivedData/moment-dfbepytmktfpepbfqgvqqpejzmlp/Build/Products/Debug-iphonesimulator/PackageFrameworks -F /Users/wenli/Library/Developer/Xcode/DerivedData/moment-dfbepytmktfpepbfqgvqqpejzmlp/Build/Products/Debug-iphonesimulator/PackageFrameworks -F /Users/wenli/Library/Developer/Xcode/DerivedData/moment-dfbepytmktfpepbfqgvqqpejzmlp/Build/Products/Debug-iphonesimulator/PackageFrameworks -F /Users/wenli/Library/Developer/Xcode/DerivedData/moment-dfbepytmktfpepbfqgvqqpejzmlp/Build/Products/Debug-iphonesimulator/PackageFrameworks -F /Users/wenli/Library/Developer/Xcode/DerivedData/moment-dfbepytmktfpepbfqgvqqpejzmlp/Build/Products/Debug-iphonesimulator/PackageFrameworks -F /Users/wenli/Library/Developer/Xcode/DerivedData/moment-dfbepytmktfpepbfqgvqqpejzmlp/Build/Products/Debug-iphonesimulator/PackageFrameworks -F /Users/wenli/Library/Developer/Xcode/DerivedData/moment-dfbepytmktfpepbfqgvqqpejzmlp/Build/Products/Debug-iphonesimulator/PackageFrameworks -F /Users/wenli/Library/Developer/Xcode/DerivedData/moment-dfbepytmktfpepbfqgvqqpejzmlp/Build/Products/Debug-iphonesimulator/PackageFrameworks -F /Users/wenli/Library/Developer/Xcode/DerivedData/moment-dfbepytmktfpepbfqgvqqpejzmlp/Build/Products/Debug-iphonesimulator/PackageFrameworks -F /Users/wenli/Library/Developer/Xcode/DerivedData/moment-dfbepytmktfpepbfqgvqqpejzmlp/Build/Products/Debug-iphonesimulator/PackageFrameworks -F /Users/wenli/Library/Developer/Xcode/DerivedData/moment-dfbepytmktfpepbfqgvqqpejzmlp/Build/Products/Debug-iphonesimulator/PackageFrameworks -F /Users/wenli/Library/Developer/Xcode/DerivedData/moment-dfbepytmktfpepbfqgvqqpejzmlp/Build/Products/Debug-iphonesimulator/PackageFrameworks -F /Users/wenli/Library/Developer/Xcode/DerivedData/moment-dfbepytmktfpepbfqgvqqpejzmlp/Build/Products/Debug-iphonesimulator/PackageFrameworks -F /Users/wenli/Library/Developer/Xcode/DerivedData/moment-dfbepytmktfpepbfqgvqqpejzmlp/Build/Products/Debug-iphonesimulator/PackageFrameworks -F /Users/wenli/Library/Developer/Xcode/DerivedData/moment-dfbepytmktfpepbfqgvqqpejzmlp/Build/Products/Debug-iphonesimulator -emit-localized-strings -emit-localized-strings-path /Users/wenli/Library/Developer/Xcode/DerivedData/moment-dfbepytmktfpepbfqgvqqpejzmlp/Build/Intermediates.noindex/moment.build/Debug-iphonesimulator/moment.build/Objects-normal/arm64 -c -j10 -enable-batch-mode -incremental -Xcc -ivfsstatcache -Xcc /Users/wenli/Library/Developer/Xcode/DerivedData/SDKStatCaches.noindex/iphonesimulator26.2-23C53-7d00a8b37fbd7999ea79df8ebc024bf0.sdkstatcache -output-file-map /Users/wenli/Library/Developer/Xcode/DerivedData/moment-dfbepytmktfpepbfqgvqqpejzmlp/Build/Intermediates.noindex/moment.build/Debug-iphonesimulator/moment.build/Objects-normal/arm64/moment-OutputFileMap.json -use-frontend-parseable-output -save-temps -no-color-diagnostics -explicit-module-build -module-cache-path /Users/wenli/Library/Developer/Xcode/DerivedData/moment-dfbepytmktfpepbfqgvqqpejzmlp/Build/Intermediates.noindex/SwiftExplicitPrecompiledModules -clang-scanner-module-cache-path /Users/wenli/Library/Developer/Xcode/DerivedData/ModuleCache.noindex -sdk-module-cache-path /Users/wenli/Library/Developer/Xcode/DerivedData/ModuleCache.noindex -serialize-diagnostics -emit-dependencies -emit-module -emit-module-path /Users/wenli/Library/Developer/Xcode/DerivedData/moment-dfbepytmktfpepbfqgvqqpejzmlp/Build/Intermediates.noindex/moment.build/Debug-iphonesimulator/moment.build/Objects-normal/arm64/moment.swiftmodule -validate-clang-modules-once -clang-build-session-file /Users/wenli/Library/Developer/Xcode/DerivedData/ModuleCache.noindex/Session.modulevalidation -Xcc -I/Users/wenli/Library/Developer/Xcode/DerivedData/moment-dfbepytmktfpepbfqgvqqpejzmlp/Build/Intermediates.noindex/moment.build/Debug-iphonesimulator/moment.build/swift-overrides.hmap -emit-const-values -Xfrontend -const-gather-protocols-file -Xfrontend /Users/wenli/Library/Developer/Xcode/DerivedData/moment-dfbepytmktfpepbfqgvqqpejzmlp/Build/Intermediates.noindex/moment.build/Debug-iphonesimulator/moment.build/Objects-normal/arm64/moment_const_extract_protocols.json -Xcc -iquote -Xcc /Users/wenli/Library/Developer/Xcode/DerivedData/moment-dfbepytmktfpepbfqgvqqpejzmlp/Build/Intermediates.noindex/moment.build/Debug-iphonesimulator/moment.build/moment-generated-files.hmap -Xcc -I/Users/wenli/Library/Developer/Xcode/DerivedData/moment-dfbepytmktfpepbfqgvqqpejzmlp/Build/Intermediates.noindex/moment.build/Debug-iphonesimulator/moment.build/moment-own-target-headers.hmap -Xcc -I/Users/wenli/Library/Developer/Xcode/DerivedData/moment-dfbepytmktfpepbfqgvqqpejzmlp/Build/Intermediates.noindex/moment.build/Debug-iphonesimulator/moment.build/moment-all-non-framework-target-headers.hmap -Xcc -ivfsoverlay -Xcc /Users/wenli/Library/Developer/Xcode/DerivedData/moment-dfbepytmktfpepbfqgvqqpejzmlp/Build/Intermediates.noindex/moment.build/Debug-iphonesimulator/moment-dba20d1253c9c2196bef591a848127f6-VFS-iphonesimulator/all-product-headers.yaml -Xcc -iquote -Xcc /Users/wenli/Library/Developer/Xcode/DerivedData/moment-dfbepytmktfpepbfqgvqqpejzmlp/Build/Intermediates.noindex/moment.build/Debug-iphonesimulator/moment.build/moment-project-headers.hmap -Xcc -I/Users/wenli/Library/Developer/Xcode/DerivedData/moment-dfbepytmktfpepbfqgvqqpejzmlp/SourcePackages/checkouts/AppAuth-iOS/Sources/AppAuth -Xcc -I/Users/wenli/Library/Developer/Xcode/DerivedData/moment-dfbepytmktfpepbfqgvqqpejzmlp/SourcePackages/checkouts/AppAuth-iOS/Sources/AppAuthCore -Xcc -I/Users/wenli/Library/Developer/Xcode/DerivedData/moment-dfbepytmktfpepbfqgvqqpejzmlp/SourcePackages/checkouts/app-check/AppCheckCore/Sources/Public -Xcc -I/Users/wenli/Library/Developer/Xcode/DerivedData/moment-dfbepytmktfpepbfqgvqqpejzmlp/SourcePackages/checkouts/GoogleSignIn-iOS/GoogleSignIn/Sources/Public -Xcc -I/Users/wenli/Library/Developer/Xcode/DerivedData/moment-dfbepytmktfpepbfqgvqqpejzmlp/SourcePackages/checkouts/promises/Sources/FBLPromises/include -Xcc -I/Users/wenli/Library/Developer/Xcode/DerivedData/moment-dfbepytmktfpepbfqgvqqpejzmlp/SourcePackages/checkouts/GoogleUtilities/GoogleUtilities/UserDefaults/Public -Xcc -I/Users/wenli/Library/Developer/Xcode/DerivedData/moment-dfbepytmktfpepbfqgvqqpejzmlp/SourcePackages/checkouts/google-ads-on-device-conversion-ios-sdk/GoogleAdsOnDeviceConversionWrapper/include -Xcc -I/Users/wenli/Library/Developer/Xcode/DerivedData/moment-dfbepytmktfpepbfqgvqqpejzmlp/SourcePackages/checkouts/GoogleAppMeasurement/GoogleAppMeasurementWrapper/include -Xcc -I/Users/wenli/Library/Developer/Xcode/DerivedData/moment-dfbepytmktfpepbfqgvqqpejzmlp/SourcePackages/checkouts/GoogleUtilities/GoogleUtilities/MethodSwizzler/Public -Xcc -I/Users/wenli/Library/Developer/Xcode/DerivedData/moment-dfbepytmktfpepbfqgvqqpejzmlp/SourcePackages/checkouts/nanopb/spm_headers -Xcc -I/Users/wenli/Library/Developer/Xcode/DerivedData/moment-dfbepytmktfpepbfqgvqqpejzmlp/SourcePackages/checkouts/firebase-ios-sdk/FirebaseAnalyticsWrapper/include -Xcc -I/Users/wenli/Library/Developer/Xcode/DerivedData/moment-dfbepytmktfpepbfqgvqqpejzmlp/SourcePackages/checkouts/firebase-ios-sdk/FirebaseInstallations/Source/Library/Public -Xcc -I/Users/wenli/Library/Developer/Xcode/DerivedData/moment-dfbepytmktfpepbfqgvqqpejzmlp/SourcePackages/checkouts/firebase-ios-sdk/SwiftPM-PlatformExclude/FirebaseAnalyticsWrap/include -Xcc -I/Users/wenli/Library/Developer/Xcode/DerivedData/moment-dfbepytmktfpepbfqgvqqpejzmlp/SourcePackages/checkouts/interop-ios-for-google-sdks/RecaptchaEnterprise/RecaptchaInterop/Public -Xcc -I/Users/wenli/Library/Developer/Xcode/DerivedData/moment-dfbepytmktfpepbfqgvqqpejzmlp/SourcePackages/checkouts/GoogleUtilities/GoogleUtilities/Network/Public -Xcc -I/Users/wenli/Library/Developer/Xcode/DerivedData/moment-dfbepytmktfpepbfqgvqqpejzmlp/SourcePackages/checkouts/GoogleUtilities/GoogleUtilities/Reachability/Public -Xcc -I/Users/wenli/Library/Developer/Xcode/DerivedData/moment-dfbepytmktfpepbfqgvqqpejzmlp/SourcePackages/checkouts/GoogleUtilities/GoogleUtilities/NSData+zlib/Public -Xcc -I/Users/wenli/Library/Developer/Xcode/DerivedData/moment-dfbepytmktfpepbfqgvqqpejzmlp/SourcePackages/checkouts/GoogleUtilities/GoogleUtilities/Logger/Public -Xcc -I/Users/wenli/Library/Developer/Xcode/DerivedData/moment-dfbepytmktfpepbfqgvqqpejzmlp/SourcePackages/checkouts/GoogleUtilities/GoogleUtilities/Environment/Public -Xcc -I/Users/wenli/Library/Developer/Xcode/DerivedData/moment-dfbepytmktfpepbfqgvqqpejzmlp/SourcePackages/checkouts/GoogleUtilities/third_party/IsAppEncrypted/Public -Xcc -I/Users/wenli/Library/Developer/Xcode/DerivedData/moment-dfbepytmktfpepbfqgvqqpejzmlp/SourcePackages/checkouts/GoogleUtilities/GoogleUtilities/AppDelegateSwizzler/Public -Xcc -I/Users/wenli/Library/Developer/Xcode/DerivedData/moment-dfbepytmktfpepbfqgvqqpejzmlp/SourcePackages/checkouts/gtm-session-fetcher/Sources/Core/Public -Xcc -I/Users/wenli/Library/Developer/Xcode/DerivedData/moment-dfbepytmktfpepbfqgvqqpejzmlp/SourcePackages/checkouts/firebase-ios-sdk/FirebaseCore/Extension -Xcc -I/Users/wenli/Library/Developer/Xcode/DerivedData/moment-dfbepytmktfpepbfqgvqqpejzmlp/SourcePackages/checkouts/firebase-ios-sdk/FirebaseCore/Sources/Public -Xcc -I/Users/wenli/Library/Developer/Xcode/DerivedData/moment-dfbepytmktfpepbfqgvqqpejzmlp/SourcePackages/checkouts/firebase-ios-sdk/CoreOnly/Sources -Xcc -I/Users/wenli/Library/Developer/Xcode/DerivedData/moment-dfbepytmktfpepbfqgvqqpejzmlp/SourcePackages/checkouts/firebase-ios-sdk/FirebaseAuth/Sources/Public -Xcc -I/Users/wenli/Library/Developer/Xcode/DerivedData/moment-dfbepytmktfpepbfqgvqqpejzmlp/SourcePackages/checkouts/firebase-ios-sdk/FirebaseAuth/Interop/Public -Xcc -I/Users/wenli/Library/Developer/Xcode/DerivedData/moment-dfbepytmktfpepbfqgvqqpejzmlp/SourcePackages/checkouts/firebase-ios-sdk/FirebaseAppCheck/Interop/Public -Xcc -I/Users/wenli/Library/Developer/Xcode/DerivedData/moment-dfbepytmktfpepbfqgvqqpejzmlp/Build/Products/Debug-iphonesimulator/include -Xcc -I/Users/wenli/Library/Developer/Xcode/DerivedData/moment-dfbepytmktfpepbfqgvqqpejzmlp/Build/Intermediates.noindex/moment.build/Debug-iphonesimulator/moment.build/DerivedSources-normal/arm64 -Xcc -I/Users/wenli/Library/Developer/Xcode/DerivedData/moment-dfbepytmktfpepbfqgvqqpejzmlp/Build/Intermediates.noindex/moment.build/Debug-iphonesimulator/moment.build/DerivedSources/arm64 -Xcc -I/Users/wenli/Library/Developer/Xcode/DerivedData/moment-dfbepytmktfpepbfqgvqqpejzmlp/Build/Intermediates.noindex/moment.build/Debug-iphonesimulator/moment.build/DerivedSources -Xcc -DDEBUG\=1 -emit-objc-header -emit-objc-header-path /Users/wenli/Library/Developer/Xcode/DerivedData/moment-dfbepytmktfpepbfqgvqqpejzmlp/Build/Intermediates.noindex/moment.build/Debug-iphonesimulator/moment.build/Objects-normal/arm64/moment-Swift.h -working-directory /Users/wenli/Desktop/workspace/moment -experimental-emit-module-separately -disable-cmo

ProcessInfoPlistFile /Users/wenli/Library/Developer/Xcode/DerivedData/moment-dfbepytmktfpepbfqgvqqpejzmlp/Build/Products/Debug-iphonesimulator/moment.app/Info.plist /Users/wenli/Library/Developer/Xcode/DerivedData/moment-dfbepytmktfpepbfqgvqqpejzmlp/Build/Intermediates.noindex/moment.build/Debug-iphonesimulator/moment.build/empty-moment.plist (in target 'moment' from project 'moment')
    cd /Users/wenli/Desktop/workspace/moment
    builtin-infoPlistUtility /Users/wenli/Library/Developer/Xcode/DerivedData/moment-dfbepytmktfpepbfqgvqqpejzmlp/Build/Intermediates.noindex/moment.build/Debug-iphonesimulator/moment.build/empty-moment.plist -producttype com.apple.product-type.application -genpkginfo /Users/wenli/Library/Developer/Xcode/DerivedData/moment-dfbepytmktfpepbfqgvqqpejzmlp/Build/Products/Debug-iphonesimulator/moment.app/PkgInfo -expandbuildsettings -format binary -platform iphonesimulator -additionalcontentfile /Users/wenli/Library/Developer/Xcode/DerivedData/moment-dfbepytmktfpepbfqgvqqpejzmlp/Build/Intermediates.noindex/moment.build/Debug-iphonesimulator/moment.build/assetcatalog_generated_info.plist -scanforprivacyfile /Users/wenli/Library/Developer/Xcode/DerivedData/moment-dfbepytmktfpepbfqgvqqpejzmlp/Build/Products/Debug-iphonesimulator/moment.app/AppAuth_AppAuth.bundle -scanforprivacyfile /Users/wenli/Library/Developer/Xcode/DerivedData/moment-dfbepytmktfpepbfqgvqqpejzmlp/Build/Products/Debug-iphonesimulator/moment.app/AppAuth_AppAuthCore.bundle -scanforprivacyfile /Users/wenli/Library/Developer/Xcode/DerivedData/moment-dfbepytmktfpepbfqgvqqpejzmlp/Build/Products/Debug-iphonesimulator/moment.app/Firebase_FirebaseAuth.bundle -scanforprivacyfile /Users/wenli/Library/Developer/Xcode/DerivedData/moment-dfbepytmktfpepbfqgvqqpejzmlp/Build/Products/Debug-iphonesimulator/moment.app/Firebase_FirebaseCore.bundle -scanforprivacyfile /Users/wenli/Library/Developer/Xcode/DerivedData/moment-dfbepytmktfpepbfqgvqqpejzmlp/Build/Products/Debug-iphonesimulator/moment.app/Firebase_FirebaseCoreExtension.bundle -scanforprivacyfile /Users/wenli/Library/Developer/Xcode/DerivedData/moment-dfbepytmktfpepbfqgvqqpejzmlp/Build/Products/Debug-iphonesimulator/moment.app/Firebase_FirebaseCoreInternal.bundle -scanforprivacyfile /Users/wenli/Library/Developer/Xcode/DerivedData/moment-dfbepytmktfpepbfqgvqqpejzmlp/Build/Products/Debug-iphonesimulator/moment.app/Firebase_FirebaseInstallations.bundle -scanforprivacyfile /Users/wenli/Library/Developer/Xcode/DerivedData/moment-dfbepytmktfpepbfqgvqqpejzmlp/Build/Products/Debug-iphonesimulator/moment.app/Frameworks/FirebaseAnalytics.framework -scanforprivacyfile /Users/wenli/Library/Developer/Xcode/DerivedData/moment-dfbepytmktfpepbfqgvqqpejzmlp/Build/Products/Debug-iphonesimulator/moment.app/Frameworks/GoogleAdsOnDeviceConversion.framework -scanforprivacyfile /Users/wenli/Library/Developer/Xcode/DerivedData/moment-dfbepytmktfpepbfqgvqqpejzmlp/Build/Products/Debug-iphonesimulator/moment.app/Frameworks/GoogleAppMeasurement.framework -scanforprivacyfile /Users/wenli/Library/Developer/Xcode/DerivedData/moment-dfbepytmktfpepbfqgvqqpejzmlp/Build/Products/Debug-iphonesimulator/moment.app/Frameworks/GoogleAppMeasurementIdentitySupport.framework -scanforprivacyfile /Users/wenli/Library/Developer/Xcode/DerivedData/moment-dfbepytmktfpepbfqgvqqpejzmlp/Build/Products/Debug-iphonesimulator/moment.app/GTMAppAuth_GTMAppAuth.bundle -scanforprivacyfile /Users/wenli/Library/Developer/Xcode/DerivedData/moment-dfbepytmktfpepbfqgvqqpejzmlp/Build/Products/Debug-iphonesimulator/moment.app/GTMSessionFetcher_GTMSessionFetcherCore.bundle -scanforprivacyfile /Users/wenli/Library/Developer/Xcode/DerivedData/moment-dfbepytmktfpepbfqgvqqpejzmlp/Build/Products/Debug-iphonesimulator/moment.app/GoogleSignIn_GoogleSignIn.bundle -scanforprivacyfile /Users/wenli/Library/Developer/Xcode/DerivedData/moment-dfbepytmktfpepbfqgvqqpejzmlp/Build/Products/Debug-iphonesimulator/moment.app/GoogleSignIn_GoogleSignInSwift.bundle -scanforprivacyfile /Users/wenli/Library/Developer/Xcode/DerivedData/moment-dfbepytmktfpepbfqgvqqpejzmlp/Build/Products/Debug-iphonesimulator/moment.app/GoogleUtilities_GoogleUtilities-AppDelegateSwizzler.bundle -scanforprivacyfile /Users/wenli/Library/Developer/Xcode/DerivedData/moment-dfbepytmktfpepbfqgvqqpejzmlp/Build/Products/Debug-iphonesimulator/moment.app/GoogleUtilities_GoogleUtilities-Environment.bundle -scanforprivacyfile /Users/wenli/Library/Developer/Xcode/DerivedData/moment-dfbepytmktfpepbfqgvqqpejzmlp/Build/Products/Debug-iphonesimulator/moment.app/GoogleUtilities_GoogleUtilities-Logger.bundle -scanforprivacyfile /Users/wenli/Library/Developer/Xcode/DerivedData/moment-dfbepytmktfpepbfqgvqqpejzmlp/Build/Products/Debug-iphonesimulator/moment.app/GoogleUtilities_GoogleUtilities-MethodSwizzler.bundle -scanforprivacyfile /Users/wenli/Library/Developer/Xcode/DerivedData/moment-dfbepytmktfpepbfqgvqqpejzmlp/Build/Products/Debug-iphonesimulator/moment.app/GoogleUtilities_GoogleUtilities-NSData.bundle -scanforprivacyfile /Users/wenli/Library/Developer/Xcode/DerivedData/moment-dfbepytmktfpepbfqgvqqpejzmlp/Build/Products/Debug-iphonesimulator/moment.app/GoogleUtilities_GoogleUtilities-Network.bundle -scanforprivacyfile /Users/wenli/Library/Developer/Xcode/DerivedData/moment-dfbepytmktfpepbfqgvqqpejzmlp/Build/Products/Debug-iphonesimulator/moment.app/GoogleUtilities_GoogleUtilities-Reachability.bundle -scanforprivacyfile /Users/wenli/Library/Developer/Xcode/DerivedData/moment-dfbepytmktfpepbfqgvqqpejzmlp/Build/Products/Debug-iphonesimulator/moment.app/GoogleUtilities_GoogleUtilities-UserDefaults.bundle -scanforprivacyfile /Users/wenli/Library/Developer/Xcode/DerivedData/moment-dfbepytmktfpepbfqgvqqpejzmlp/Build/Products/Debug-iphonesimulator/moment.app/Promises_FBLPromises.bundle -scanforprivacyfile /Users/wenli/Library/Developer/Xcode/DerivedData/moment-dfbepytmktfpepbfqgvqqpejzmlp/Build/Products/Debug-iphonesimulator/moment.app/nanopb_nanopb.bundle -o /Users/wenli/Library/Developer/Xcode/DerivedData/moment-dfbepytmktfpepbfqgvqqpejzmlp/Build/Products/Debug-iphonesimulator/moment.app/Info.plist

SwiftCompile normal arm64 Compiling\ ThemeManager.swift,\ FloatingRecordingPill.swift,\ TagComponents.swift,\ AudioPlayerView.swift /Users/wenli/Desktop/workspace/moment/moment/Shared/ThemeManager.swift /Users/wenli/Desktop/workspace/moment/moment/Views/Components/FloatingRecordingPill.swift /Users/wenli/Desktop/workspace/moment/moment/Views/Components/TagComponents.swift /Users/wenli/Desktop/workspace/moment/moment/Views/AudioPlayerView.swift (in target 'moment' from project 'moment')

SwiftCompile normal arm64 /Users/wenli/Desktop/workspace/moment/moment/Shared/ThemeManager.swift (in target 'moment' from project 'moment')
    cd /Users/wenli/Desktop/workspace/moment
    

SwiftCompile normal arm64 /Users/wenli/Desktop/workspace/moment/moment/Views/Components/FloatingRecordingPill.swift (in target 'moment' from project 'moment')
    cd /Users/wenli/Desktop/workspace/moment
    

SwiftCompile normal arm64 /Users/wenli/Desktop/workspace/moment/moment/Views/Components/TagComponents.swift (in target 'moment' from project 'moment')
    cd /Users/wenli/Desktop/workspace/moment
    

SwiftCompile normal arm64 /Users/wenli/Desktop/workspace/moment/moment/Views/AudioPlayerView.swift (in target 'moment' from project 'moment')
    cd /Users/wenli/Desktop/workspace/moment
    

SwiftCompile normal arm64 Compiling\ AudioRecordingOverlay.swift,\ AudioRecordingView.swift,\ ContentView.swift,\ EditProfileView.swift /Users/wenli/Desktop/workspace/moment/moment/Views/AudioRecordingOverlay.swift /Users/wenli/Desktop/workspace/moment/moment/Views/AudioRecordingView.swift /Users/wenli/Desktop/workspace/moment/moment/Views/ContentView.swift /Users/wenli/Desktop/workspace/moment/moment/Views/EditProfileView.swift (in target 'moment' from project 'moment')
SwiftCompile normal arm64 /Users/wenli/Desktop/workspace/moment/moment/Views/AudioRecordingOverlay.swift (in target 'moment' from project 'moment')
    cd /Users/wenli/Desktop/workspace/moment
    

SwiftCompile normal arm64 /Users/wenli/Desktop/workspace/moment/moment/Views/AudioRecordingView.swift (in target 'moment' from project 'moment')
    cd /Users/wenli/Desktop/workspace/moment
    

SwiftCompile normal arm64 /Users/wenli/Desktop/workspace/moment/moment/Views/ContentView.swift (in target 'moment' from project 'moment')
    cd /Users/wenli/Desktop/workspace/moment
    

SwiftCompile normal arm64 /Users/wenli/Desktop/workspace/moment/moment/Views/EditProfileView.swift (in target 'moment' from project 'moment')
    cd /Users/wenli/Desktop/workspace/moment
    

SwiftCompile normal arm64 Compiling\ MediaNotePreparerView.swift,\ MiniAudioPlayerView.swift,\ NoteCardView.swift,\ NoteCreateView.swift /Users/wenli/Desktop/workspace/moment/moment/Views/MediaNotePreparerView.swift /Users/wenli/Desktop/workspace/moment/moment/Views/MiniAudioPlayerView.swift /Users/wenli/Desktop/workspace/moment/moment/Views/NoteCardView.swift /Users/wenli/Desktop/workspace/moment/moment/Views/NoteCreateView.swift (in target 'moment' from project 'moment')

SwiftCompile normal arm64 /Users/wenli/Desktop/workspace/moment/moment/Views/MediaNotePreparerView.swift (in target 'moment' from project 'moment')
    cd /Users/wenli/Desktop/workspace/moment
    

SwiftCompile normal arm64 /Users/wenli/Desktop/workspace/moment/moment/Views/MiniAudioPlayerView.swift (in target 'moment' from project 'moment')
    cd /Users/wenli/Desktop/workspace/moment
    

SwiftCompile normal arm64 /Users/wenli/Desktop/workspace/moment/moment/Views/NoteCardView.swift (in target 'moment' from project 'moment')
    cd /Users/wenli/Desktop/workspace/moment
    

SwiftCompile normal arm64 /Users/wenli/Desktop/workspace/moment/moment/Views/NoteCreateView.swift (in target 'moment' from project 'moment')
    cd /Users/wenli/Desktop/workspace/moment
    

SwiftCompile normal arm64 Compiling\ NoteListView.swift,\ NoteTypeSelectionView.swift,\ SettingsView.swift,\ TodoItemRow.swift /Users/wenli/Desktop/workspace/moment/moment/Views/NoteListView.swift /Users/wenli/Desktop/workspace/moment/moment/Views/NoteTypeSelectionView.swift /Users/wenli/Desktop/workspace/moment/moment/Views/SettingsView.swift /Users/wenli/Desktop/workspace/moment/moment/Views/TodoItemRow.swift (in target 'moment' from project 'moment')

SwiftCompile normal arm64 /Users/wenli/Desktop/workspace/moment/moment/Views/NoteListView.swift (in target 'moment' from project 'moment')
    cd /Users/wenli/Desktop/workspace/moment
    

SwiftCompile normal arm64 /Users/wenli/Desktop/workspace/moment/moment/Views/NoteTypeSelectionView.swift (in target 'moment' from project 'moment')
    cd /Users/wenli/Desktop/workspace/moment
    

SwiftCompile normal arm64 /Users/wenli/Desktop/workspace/moment/moment/Views/SettingsView.swift (in target 'moment' from project 'moment')
    cd /Users/wenli/Desktop/workspace/moment
    

SwiftCompile normal arm64 /Users/wenli/Desktop/workspace/moment/moment/Views/TodoItemRow.swift (in target 'moment' from project 'moment')
    cd /Users/wenli/Desktop/workspace/moment
    

SwiftEmitModule normal arm64 Emitting\ module\ for\ moment (in target 'moment' from project 'moment')
EmitSwiftModule normal arm64 (in target 'moment' from project 'moment')
    cd /Users/wenli/Desktop/workspace/moment
    

SwiftCompile normal arm64 Compiling\ TodoListView.swift,\ UserView.swift,\ VoiceRecordingView.swift,\ WaveformView.swift /Users/wenli/Desktop/workspace/moment/moment/Views/TodoListView.swift /Users/wenli/Desktop/workspace/moment/moment/Views/UserView.swift /Users/wenli/Desktop/workspace/moment/moment/Views/VoiceRecordingView.swift /Users/wenli/Desktop/workspace/moment/moment/Views/WaveformView.swift (in target 'moment' from project 'moment')

SwiftCompile normal arm64 /Users/wenli/Desktop/workspace/moment/moment/Views/TodoListView.swift (in target 'moment' from project 'moment')
    cd /Users/wenli/Desktop/workspace/moment
    

SwiftCompile normal arm64 /Users/wenli/Desktop/workspace/moment/moment/Views/UserView.swift (in target 'moment' from project 'moment')
    cd /Users/wenli/Desktop/workspace/moment
    

SwiftCompile normal arm64 /Users/wenli/Desktop/workspace/moment/moment/Views/VoiceRecordingView.swift (in target 'moment' from project 'moment')
    cd /Users/wenli/Desktop/workspace/moment
    

SwiftCompile normal arm64 /Users/wenli/Desktop/workspace/moment/moment/Views/WaveformView.swift (in target 'moment' from project 'moment')
    cd /Users/wenli/Desktop/workspace/moment
    

SwiftCompile normal arm64 Compiling\ FavoriteView.swift,\ HomeView.swift,\ ImagePicker.swift,\ MainTabView.swift /Users/wenli/Desktop/workspace/moment/moment/Views/FavoriteView.swift /Users/wenli/Desktop/workspace/moment/moment/Views/HomeView.swift /Users/wenli/Desktop/workspace/moment/moment/Views/ImagePicker.swift /Users/wenli/Desktop/workspace/moment/moment/Views/MainTabView.swift (in target 'moment' from project 'moment')
SwiftCompile normal arm64 /Users/wenli/Desktop/workspace/moment/moment/Views/FavoriteView.swift (in target 'moment' from project 'moment')
    cd /Users/wenli/Desktop/workspace/moment
    

SwiftCompile normal arm64 /Users/wenli/Desktop/workspace/moment/moment/Views/HomeView.swift (in target 'moment' from project 'moment')
    cd /Users/wenli/Desktop/workspace/moment
    

SwiftCompile normal arm64 /Users/wenli/Desktop/workspace/moment/moment/Views/ImagePicker.swift (in target 'moment' from project 'moment')
    cd /Users/wenli/Desktop/workspace/moment
    

SwiftCompile normal arm64 /Users/wenli/Desktop/workspace/moment/moment/Views/MainTabView.swift (in target 'moment' from project 'moment')
    cd /Users/wenli/Desktop/workspace/moment
    

SwiftCompile normal arm64 Compiling\ TodoSyncService.swift,\ TranscriptionService.swift,\ MomentComponents.swift,\ MomentDesign.swift,\ NoteEditorView.swift /Users/wenli/Desktop/workspace/moment/moment/Services/TodoSyncService.swift /Users/wenli/Desktop/workspace/moment/moment/Services/TranscriptionService.swift /Users/wenli/Desktop/workspace/moment/moment/Shared/MomentComponents.swift /Users/wenli/Desktop/workspace/moment/moment/Shared/MomentDesign.swift /Users/wenli/Desktop/workspace/moment/moment/Shared/NoteEditorView.swift (in target 'moment' from project 'moment')

SwiftCompile normal arm64 /Users/wenli/Desktop/workspace/moment/moment/Services/TodoSyncService.swift (in target 'moment' from project 'moment')
    cd /Users/wenli/Desktop/workspace/moment
    

SwiftCompile normal arm64 /Users/wenli/Desktop/workspace/moment/moment/Services/TranscriptionService.swift (in target 'moment' from project 'moment')
    cd /Users/wenli/Desktop/workspace/moment
    

SwiftCompile normal arm64 /Users/wenli/Desktop/workspace/moment/moment/Shared/MomentComponents.swift (in target 'moment' from project 'moment')
    cd /Users/wenli/Desktop/workspace/moment
    

SwiftCompile normal arm64 /Users/wenli/Desktop/workspace/moment/moment/Shared/MomentDesign.swift (in target 'moment' from project 'moment')
    cd /Users/wenli/Desktop/workspace/moment
    

SwiftCompile normal arm64 /Users/wenli/Desktop/workspace/moment/moment/Shared/NoteEditorView.swift (in target 'moment' from project 'moment')
    cd /Users/wenli/Desktop/workspace/moment
    

SwiftCompile normal arm64 Compiling\ AuthenticationService.swift,\ GeminiTranscriptionService.swift,\ GlobalAudioService.swift,\ ImageHelper.swift,\ NoteService.swift /Users/wenli/Desktop/workspace/moment/moment/Services/AuthenticationService.swift /Users/wenli/Desktop/workspace/moment/moment/Services/GeminiTranscriptionService.swift /Users/wenli/Desktop/workspace/moment/moment/Services/GlobalAudioService.swift /Users/wenli/Desktop/workspace/moment/moment/Services/ImageHelper.swift /Users/wenli/Desktop/workspace/moment/moment/Services/NoteService.swift (in target 'moment' from project 'moment')
Failed frontend command:
/Applications/Xcode.app/Contents/Developer/Toolchains/XcodeDefault.xctoolchain/usr/bin/swift-frontend -frontend -c /Users/wenli/Desktop/workspace/moment/moment/Controllers/AudioPlayerController.swift /Users/wenli/Desktop/workspace/moment/moment/Controllers/AudioRecordingController.swift /Users/wenli/Desktop/workspace/moment/moment/Controllers/NoteCreateController.swift /Users/wenli/Desktop/workspace/moment/moment/Controllers/NoteDetailController.swift /Users/wenli/Desktop/workspace/moment/moment/Controllers/NoteListController.swift /Users/wenli/Desktop/workspace/moment/moment/Extensions/ViewExtensions.swift /Users/wenli/Desktop/workspace/moment/moment/Models/Note+Extensions.swift /Users/wenli/Desktop/workspace/moment/moment/Models/Persistence.swift /Users/wenli/Desktop/workspace/moment/moment/Services/AudioFileManager.swift /Users/wenli/Desktop/workspace/moment/moment/Services/AudioRecorder.swift -primary-file /Users/wenli/Desktop/workspace/moment/moment/Services/AuthenticationService.swift -primary-file /Users/wenli/Desktop/workspace/moment/moment/Services/GeminiTranscriptionService.swift -primary-file /Users/wenli/Desktop/workspace/moment/moment/Services/GlobalAudioService.swift -primary-file /Users/wenli/Desktop/workspace/moment/moment/Services/ImageHelper.swift -primary-file /Users/wenli/Desktop/workspace/moment/moment/Services/NoteService.swift /Users/wenli/Desktop/workspace/moment/moment/Services/TodoSyncService.swift /Users/wenli/Desktop/workspace/moment/moment/Services/TranscriptionService.swift /Users/wenli/Desktop/workspace/moment/moment/Shared/MomentComponents.swift /Users/wenli/Desktop/workspace/moment/moment/Shared/MomentDesign.swift /Users/wenli/Desktop/workspace/moment/moment/Shared/NoteEditorView.swift /Users/wenli/Desktop/workspace/moment/moment/Shared/ThemeManager.swift /Users/wenli/Desktop/workspace/moment/moment/Views/Components/FloatingRecordingPill.swift /Users/wenli/Desktop/workspace/moment/moment/Views/Components/TagComponents.swift /Users/wenli/Desktop/workspace/moment/moment/Views/AudioPlayerView.swift /Users/wenli/Desktop/workspace/moment/moment/Views/AudioRecordingOverlay.swift /Users/wenli/Desktop/workspace/moment/moment/Views/AudioRecordingView.swift /Users/wenli/Desktop/workspace/moment/moment/Views/ContentView.swift /Users/wenli/Desktop/workspace/moment/moment/Views/EditProfileView.swift /Users/wenli/Desktop/workspace/moment/moment/Views/FavoriteView.swift /Users/wenli/Desktop/workspace/moment/moment/Views/HomeView.swift /Users/wenli/Desktop/workspace/moment/moment/Views/ImagePicker.swift /Users/wenli/Desktop/workspace/moment/moment/Views/MainTabView.swift /Users/wenli/Desktop/workspace/moment/moment/Views/MediaNotePreparerView.swift /Users/wenli/Desktop/workspace/moment/moment/Views/MiniAudioPlayerView.swift /Users/wenli/Desktop/workspace/moment/moment/Views/NoteCardView.swift /Users/wenli/Desktop/workspace/moment/moment/Views/NoteCreateView.swift /Users/wenli/Desktop/workspace/moment/moment/Views/NoteListView.swift /Users/wenli/Desktop/workspace/moment/moment/Views/NoteTypeSelectionView.swift /Users/wenli/Desktop/workspace/moment/moment/Views/SettingsView.swift /Users/wenli/Desktop/workspace/moment/moment/Views/TodoItemRow.swift /Users/wenli/Desktop/workspace/moment/moment/Views/TodoListView.swift /Users/wenli/Desktop/workspace/moment/moment/Views/UserView.swift /Users/wenli/Desktop/workspace/moment/moment/Views/VoiceRecordingView.swift /Users/wenli/Desktop/workspace/moment/moment/Views/WaveformView.swift /Users/wenli/Desktop/workspace/moment/moment/momentApp.swift /Users/wenli/Desktop/workspace/moment/moment/Secrets.swift /Users/wenli/Library/Developer/Xcode/DerivedData/moment-dfbepytmktfpepbfqgvqqpejzmlp/Build/Intermediates.noindex/moment.build/Debug-iphonesimulator/moment.build/DerivedSources/CoreDataGenerated/moment/Note+CoreDataClass.swift /Users/wenli/Library/Developer/Xcode/DerivedData/moment-dfbepytmktfpepbfqgvqqpejzmlp/Build/Intermediates.noindex/moment.build/Debug-iphonesimulator/moment.build/DerivedSources/CoreDataGenerated/moment/Note+CoreDataProperties.swift /Users/wenli/Library/Developer/Xcode/DerivedData/moment-dfbepytmktfpepbfqgvqqpejzmlp/Build/Intermediates.noindex/moment.build/Debug-iphonesimulator/moment.build/DerivedSources/CoreDataGenerated/moment/Tag+CoreDataClass.swift /Users/wenli/Library/Developer/Xcode/DerivedData/moment-dfbepytmktfpepbfqgvqqpejzmlp/Build/Intermediates.noindex/moment.build/Debug-iphonesimulator/moment.build/DerivedSources/CoreDataGenerated/moment/Tag+CoreDataProperties.swift /Users/wenli/Library/Developer/Xcode/DerivedData/moment-dfbepytmktfpepbfqgvqqpejzmlp/Build/Intermediates.noindex/moment.build/Debug-iphonesimulator/moment.build/DerivedSources/CoreDataGenerated/moment/TodoItem+CoreDataClass.swift /Users/wenli/Library/Developer/Xcode/DerivedData/moment-dfbepytmktfpepbfqgvqqpejzmlp/Build/Intermediates.noindex/moment.build/Debug-iphonesimulator/moment.build/DerivedSources/CoreDataGenerated/moment/TodoItem+CoreDataProperties.swift /Users/wenli/Library/Developer/Xcode/DerivedData/moment-dfbepytmktfpepbfqgvqqpejzmlp/Build/Intermediates.noindex/moment.build/Debug-iphonesimulator/moment.build/DerivedSources/CoreDataGenerated/moment/moment+CoreDataModel.swift /Users/wenli/Library/Developer/Xcode/DerivedData/moment-dfbepytmktfpepbfqgvqqpejzmlp/Build/Intermediates.noindex/moment.build/Debug-iphonesimulator/moment.build/DerivedSources/GeneratedAssetSymbols.swift -supplementary-output-file-map /Users/wenli/Library/Developer/Xcode/DerivedData/moment-dfbepytmktfpepbfqgvqqpejzmlp/Build/Intermediates.noindex/moment.build/Debug-iphonesimulator/moment.build/Objects-normal/arm64/supplementaryOutputs-3 -emit-localized-strings -emit-localized-strings-path /Users/wenli/Library/Developer/Xcode/DerivedData/moment-dfbepytmktfpepbfqgvqqpejzmlp/Build/Intermediates.noindex/moment.build/Debug-iphonesimulator/moment.build/Objects-normal/arm64 -target arm64-apple-ios18.6-simulator -module-can-import-version DeveloperToolsSupport 23.0.4 23.0.4 -module-can-import-version SwiftUI 7.2.5.1 7.2.5 -module-can-import-version UIKit 9126.2.4.1 9126.2.4 -disable-cross-import-overlay-search -swift-module-cross-import CoreData /Applications/Xcode.app/Contents/Developer/Platforms/iPhoneSimulator.platform/Developer/SDKs/iPhoneSimulator.sdk/System/Library/Frameworks/CoreData.framework/Modules/CoreData.swiftcrossimport/CloudKit.swiftoverlay -swift-module-cross-import CoreData /Applications/Xcode.app/Contents/Developer/Platforms/iPhoneSimulator.platform/Developer/SDKs/iPhoneSimulator26.2.sdk/System/Library/Frameworks/CoreData.framework/Modules/CoreData.swiftcrossimport/CloudKit.swiftoverlay -swift-module-cross-import PhotosUI /Applications/Xcode.app/Contents/Developer/Platforms/iPhoneSimulator.platform/Developer/SDKs/iPhoneSimulator.sdk/System/Library/Frameworks/PhotosUI.framework/Modules/PhotosUI.swiftcrossimport/SwiftUI.swiftoverlay -swift-module-cross-import PhotosUI /Applications/Xcode.app/Contents/Developer/Platforms/iPhoneSimulator.platform/Developer/SDKs/iPhoneSimulator.sdk/System/Library/Frameworks/PhotosUI.framework/Modules/PhotosUI.swiftcrossimport/WidgetKit.swiftoverlay -swift-module-cross-import PhotosUI /Applications/Xcode.app/Contents/Developer/Platforms/iPhoneSimulator.platform/Developer/SDKs/iPhoneSimulator26.2.sdk/System/Library/Frameworks/PhotosUI.framework/Modules/PhotosUI.swiftcrossimport/SwiftUI.swiftoverlay -swift-module-cross-import PhotosUI /Applications/Xcode.app/Contents/Developer/Platforms/iPhoneSimulator.platform/Developer/SDKs/iPhoneSimulator26.2.sdk/System/Library/Frameworks/PhotosUI.framework/Modules/PhotosUI.swiftcrossimport/WidgetKit.swiftoverlay -load-resolved-plugin /Applications/Xcode.app/Contents/Developer/Platforms/iPhoneOS.platform/Developer/usr/lib/swift/host/plugins/libFoundationMacros.dylib\#/Applications/Xcode.app/Contents/Developer/Platforms/iPhoneOS.platform/Developer/usr/bin/swift-plugin-server\#FoundationMacros -load-resolved-plugin /Applications/Xcode.app/Contents/Developer/Platforms/iPhoneOS.platform/Developer/usr/lib/swift/host/plugins/libObservationMacros.dylib\#/Applications/Xcode.app/Contents/Developer/Platforms/iPhoneOS.platform/Developer/usr/bin/swift-plugin-server\#ObservationMacros -load-resolved-plugin /Applications/Xcode.app/Contents/Developer/Platforms/iPhoneOS.platform/Developer/usr/lib/swift/host/plugins/libPreviewsMacros.dylib\#/Applications/Xcode.app/Contents/Developer/Platforms/iPhoneOS.platform/Developer/usr/bin/swift-plugin-server\#PreviewsMacros -load-resolved-plugin /Applications/Xcode.app/Contents/Developer/Platforms/iPhoneOS.platform/Developer/usr/lib/swift/host/plugins/libSwiftMacros.dylib\#/Applications/Xcode.app/Contents/Developer/Platforms/iPhoneOS.platform/Developer/usr/bin/swift-plugin-server\#SwiftMacros -load-resolved-plugin /Applications/Xcode.app/Contents/Developer/Platforms/iPhoneOS.platform/Developer/usr/lib/swift/host/plugins/libSwiftUIMacros.dylib\#/Applications/Xcode.app/Contents/Developer/Platforms/iPhoneOS.platform/Developer/usr/bin/swift-plugin-server\#SwiftUIMacros -disable-implicit-swift-modules -Xcc -fno-implicit-modules -Xcc -fno-implicit-module-maps -explicit-swift-module-map-file /Users/wenli/Library/Developer/Xcode/DerivedData/moment-dfbepytmktfpepbfqgvqqpejzmlp/Build/Intermediates.noindex/moment.build/Debug-iphonesimulator/moment.build/Objects-normal/arm64/moment-dependencies-1.json -Xllvm -aarch64-use-tbi -enable-objc-interop -sdk /Applications/Xcode.app/Contents/Developer/Platforms/iPhoneSimulator.platform/Developer/SDKs/iPhoneSimulator26.2.sdk -I /Users/wenli/Library/Developer/Xcode/DerivedData/moment-dfbepytmktfpepbfqgvqqpejzmlp/Build/Products/Debug-iphonesimulator -F /Users/wenli/Library/Developer/Xcode/DerivedData/moment-dfbepytmktfpepbfqgvqqpejzmlp/Build/Products/Debug-iphonesimulator/PackageFrameworks -F /Users/wenli/Library/Developer/Xcode/DerivedData/moment-dfbepytmktfpepbfqgvqqpejzmlp/Build/Products/Debug-iphonesimulator/PackageFrameworks -F /Users/wenli/Library/Developer/Xcode/DerivedData/moment-dfbepytmktfpepbfqgvqqpejzmlp/Build/Products/Debug-iphonesimulator/PackageFrameworks -F /Users/wenli/Library/Developer/Xcode/DerivedData/moment-dfbepytmktfpepbfqgvqqpejzmlp/Build/Products/Debug-iphonesimulator/PackageFrameworks -F /Users/wenli/Library/Developer/Xcode/DerivedData/moment-dfbepytmktfpepbfqgvqqpejzmlp/Build/Products/Debug-iphonesimulator/PackageFrameworks -F /Users/wenli/Library/Developer/Xcode/DerivedData/moment-dfbepytmktfpepbfqgvqqpejzmlp/Build/Products/Debug-iphonesimulator/PackageFrameworks -F /Users/wenli/Library/Developer/Xcode/DerivedData/moment-dfbepytmktfpepbfqgvqqpejzmlp/Build/Products/Debug-iphonesimulator/PackageFrameworks -F /Users/wenli/Library/Developer/Xcode/DerivedData/moment-dfbepytmktfpepbfqgvqqpejzmlp/Build/Products/Debug-iphonesimulator/PackageFrameworks -F /Users/wenli/Library/Developer/Xcode/DerivedData/moment-dfbepytmktfpepbfqgvqqpejzmlp/Build/Products/Debug-iphonesimulator/PackageFrameworks -F /Users/wenli/Library/Developer/Xcode/DerivedData/moment-dfbepytmktfpepbfqgvqqpejzmlp/Build/Products/Debug-iphonesimulator/PackageFrameworks -F /Users/wenli/Library/Developer/Xcode/DerivedData/moment-dfbepytmktfpepbfqgvqqpejzmlp/Build/Products/Debug-iphonesimulator/PackageFrameworks -F /Users/wenli/Library/Developer/Xcode/DerivedData/moment-dfbepytmktfpepbfqgvqqpejzmlp/Build/Products/Debug-iphonesimulator/PackageFrameworks -F /Users/wenli/Library/Developer/Xcode/DerivedData/moment-dfbepytmktfpepbfqgvqqpejzmlp/Build/Products/Debug-iphonesimulator/PackageFrameworks -F /Users/wenli/Library/Developer/Xcode/DerivedData/moment-dfbepytmktfpepbfqgvqqpejzmlp/Build/Products/Debug-iphonesimulator/PackageFrameworks -F /Users/wenli/Library/Developer/Xcode/DerivedData/moment-dfbepytmktfpepbfqgvqqpejzmlp/Build/Products/Debug-iphonesimulator/PackageFrameworks -F /Users/wenli/Library/Developer/Xcode/DerivedData/moment-dfbepytmktfpepbfqgvqqpejzmlp/Build/Products/Debug-iphonesimulator/PackageFrameworks -F /Users/wenli/Library/Developer/Xcode/DerivedData/moment-dfbepytmktfpepbfqgvqqpejzmlp/Build/Products/Debug-iphonesimulator/PackageFrameworks -F /Users/wenli/Library/Developer/Xcode/DerivedData/moment-dfbepytmktfpepbfqgvqqpejzmlp/Build/Products/Debug-iphonesimulator/PackageFrameworks -F /Users/wenli/Library/Developer/Xcode/DerivedData/moment-dfbepytmktfpepbfqgvqqpejzmlp/Build/Products/Debug-iphonesimulator/PackageFrameworks -F /Users/wenli/Library/Developer/Xcode/DerivedData/moment-dfbepytmktfpepbfqgvqqpejzmlp/Build/Products/Debug-iphonesimulator/PackageFrameworks -F /Users/wenli/Library/Developer/Xcode/DerivedData/moment-dfbepytmktfpepbfqgvqqpejzmlp/Build/Products/Debug-iphonesimulator/PackageFrameworks -F /Users/wenli/Library/Developer/Xcode/DerivedData/moment-dfbepytmktfpepbfqgvqqpejzmlp/Build/Products/Debug-iphonesimulator/PackageFrameworks -F /Users/wenli/Library/Developer/Xcode/DerivedData/moment-dfbepytmktfpepbfqgvqqpejzmlp/Build/Products/Debug-iphonesimulator/PackageFrameworks -F /Users/wenli/Library/Developer/Xcode/DerivedData/moment-dfbepytmktfpepbfqgvqqpejzmlp/Build/Products/Debug-iphonesimulator/PackageFrameworks -F /Users/wenli/Library/Developer/Xcode/DerivedData/moment-dfbepytmktfpepbfqgvqqpejzmlp/Build/Products/Debug-iphonesimulator/PackageFrameworks -F /Users/wenli/Library/Developer/Xcode/DerivedData/moment-dfbepytmktfpepbfqgvqqpejzmlp/Build/Products/Debug-iphonesimulator/PackageFrameworks -F /Users/wenli/Library/Developer/Xcode/DerivedData/moment-dfbepytmktfpepbfqgvqqpejzmlp/Build/Products/Debug-iphonesimulator/PackageFrameworks -F /Users/wenli/Library/Developer/Xcode/DerivedData/moment-dfbepytmktfpepbfqgvqqpejzmlp/Build/Products/Debug-iphonesimulator/PackageFrameworks -F /Users/wenli/Library/Developer/Xcode/DerivedData/moment-dfbepytmktfpepbfqgvqqpejzmlp/Build/Products/Debug-iphonesimulator/PackageFrameworks -F /Users/wenli/Library/Developer/Xcode/DerivedData/moment-dfbepytmktfpepbfqgvqqpejzmlp/Build/Products/Debug-iphonesimulator/PackageFrameworks -F /Users/wenli/Library/Developer/Xcode/DerivedData/moment-dfbepytmktfpepbfqgvqqpejzmlp/Build/Products/Debug-iphonesimulator/PackageFrameworks -F /Users/wenli/Library/Developer/Xcode/DerivedData/moment-dfbepytmktfpepbfqgvqqpejzmlp/Build/Products/Debug-iphonesimulator/PackageFrameworks -F /Users/wenli/Library/Developer/Xcode/DerivedData/moment-dfbepytmktfpepbfqgvqqpejzmlp/Build/Products/Debug-iphonesimulator -no-color-diagnostics -Xcc -fno-color-diagnostics -enable-testing -g -debug-info-format\=dwarf -dwarf-version\=5 -module-cache-path /Users/wenli/Library/Developer/Xcode/DerivedData/moment-dfbepytmktfpepbfqgvqqpejzmlp/Build/Intermediates.noindex/SwiftExplicitPrecompiledModules -swift-version 5 -enforce-exclusivity\=checked -Onone -D DEBUG -serialize-debugging-options -const-gather-protocols-file /Users/wenli/Library/Developer/Xcode/DerivedData/moment-dfbepytmktfpepbfqgvqqpejzmlp/Build/Intermediates.noindex/moment.build/Debug-iphonesimulator/moment.build/Objects-normal/arm64/moment_const_extract_protocols.json -enable-upcoming-feature DisableOutwardActorInference -enable-upcoming-feature InferSendableFromCaptures -enable-upcoming-feature GlobalActorIsolatedTypesUsability -enable-upcoming-feature MemberImportVisibility -enable-upcoming-feature InferIsolatedConformances -enable-upcoming-feature NonisolatedNonsendingByDefault -enable-experimental-feature DebugDescriptionMacro -enable-bare-slash-regex -default-isolation\=MainActor -empty-abi-descriptor -validate-clang-modules-once -clang-build-session-file /Users/wenli/Library/Developer/Xcode/DerivedData/ModuleCache.noindex/Session.modulevalidation -Xcc -working-directory -Xcc /Users/wenli/Desktop/workspace/moment -enable-anonymous-context-mangled-names -file-compilation-dir /Users/wenli/Desktop/workspace/moment -Xcc -fmodule-map-file\=/Users/wenli/Library/Developer/Xcode/DerivedData/moment-dfbepytmktfpepbfqgvqqpejzmlp/Build/Intermediates.noindex/GeneratedModuleMaps-iphonesimulator/AppAuth.modulemap -Xcc -fmodule-map-file\=/Users/wenli/Library/Developer/Xcode/DerivedData/moment-dfbepytmktfpepbfqgvqqpejzmlp/Build/Intermediates.noindex/GeneratedModuleMaps-iphonesimulator/AppAuthCore.modulemap -Xcc -fmodule-map-file\=/Users/wenli/Library/Developer/Xcode/DerivedData/moment-dfbepytmktfpepbfqgvqqpejzmlp/Build/Intermediates.noindex/GeneratedModuleMaps-iphonesimulator/AppCheckCore.modulemap -Xcc -fmodule-map-file\=/Users/wenli/Library/Developer/Xcode/DerivedData/moment-dfbepytmktfpepbfqgvqqpejzmlp/Build/Intermediates.noindex/GeneratedModuleMaps-iphonesimulator/GoogleSignIn.modulemap -Xcc -fmodule-map-file\=/Users/wenli/Library/Developer/Xcode/DerivedData/moment-dfbepytmktfpepbfqgvqqpejzmlp/Build/Intermediates.noindex/GeneratedModuleMaps-iphonesimulator/GoogleUtilities-UserDefaults.modulemap -Xcc -fmodule-map-file\=/Users/wenli/Library/Developer/Xcode/DerivedData/moment-dfbepytmktfpepbfqgvqqpejzmlp/Build/Intermediates.noindex/GeneratedModuleMaps-iphonesimulator/GoogleAdsOnDeviceConversionTarget.modulemap -Xcc -fmodule-map-file\=/Users/wenli/Library/Developer/Xcode/DerivedData/moment-dfbepytmktfpepbfqgvqqpejzmlp/Build/Intermediates.noindex/GeneratedModuleMaps-iphonesimulator/GoogleAppMeasurementTarget.modulemap -Xcc -fmodule-map-file\=/Users/wenli/Library/Developer/Xcode/DerivedData/moment-dfbepytmktfpepbfqgvqqpejzmlp/Build/Intermediates.noindex/GeneratedModuleMaps-iphonesimulator/GoogleUtilities-MethodSwizzler.modulemap -Xcc -fmodule-map-file\=/Users/wenli/Library/Developer/Xcode/DerivedData/moment-dfbepytmktfpepbfqgvqqpejzmlp/Build/Intermediates.noindex/GeneratedModuleMaps-iphonesimulator/nanopb.modulemap -Xcc -fmodule-map-file\=/Users/wenli/Library/Developer/Xcode/DerivedData/moment-dfbepytmktfpepbfqgvqqpejzmlp/Build/Intermediates.noindex/GeneratedModuleMaps-iphonesimulator/FirebaseAnalyticsWrapper.modulemap -Xcc -fmodule-map-file\=/Users/wenli/Library/Developer/Xcode/DerivedData/moment-dfbepytmktfpepbfqgvqqpejzmlp/Build/Intermediates.noindex/GeneratedModuleMaps-iphonesimulator/FirebaseInstallations.modulemap -Xcc -fmodule-map-file\=/Users/wenli/Library/Developer/Xcode/DerivedData/moment-dfbepytmktfpepbfqgvqqpejzmlp/Build/Intermediates.noindex/GeneratedModuleMaps-iphonesimulator/FirebaseAnalyticsTarget.modulemap -Xcc -fmodule-map-file\=/Users/wenli/Library/Developer/Xcode/DerivedData/moment-dfbepytmktfpepbfqgvqqpejzmlp/Build/Intermediates.noindex/GeneratedModuleMaps-iphonesimulator/RecaptchaInterop.modulemap -Xcc -fmodule-map-file\=/Users/wenli/Library/Developer/Xcode/DerivedData/moment-dfbepytmktfpepbfqgvqqpejzmlp/Build/Intermediates.noindex/GeneratedModuleMaps-iphonesimulator/GoogleUtilities-Network.modulemap -Xcc -fmodule-map-file\=/Users/wenli/Library/Developer/Xcode/DerivedData/moment-dfbepytmktfpepbfqgvqqpejzmlp/Build/Intermediates.noindex/GeneratedModuleMaps-iphonesimulator/GoogleUtilities-Reachability.modulemap -Xcc -fmodule-map-file\=/Users/wenli/Library/Developer/Xcode/DerivedData/moment-dfbepytmktfpepbfqgvqqpejzmlp/Build/Intermediates.noindex/GeneratedModuleMaps-iphonesimulator/GoogleUtilities-NSData.modulemap -Xcc -fmodule-map-file\=/Users/wenli/Library/Developer/Xcode/DerivedData/moment-dfbepytmktfpepbfqgvqqpejzmlp/Build/Intermediates.noindex/GeneratedModuleMaps-iphonesimulator/GoogleUtilities-Logger.modulemap -Xcc -fmodule-map-file\=/Users/wenli/Library/Developer/Xcode/DerivedData/moment-dfbepytmktfpepbfqgvqqpejzmlp/Build/Intermediates.noindex/GeneratedModuleMaps-iphonesimulator/GoogleUtilities-Environment.modulemap -Xcc -fmodule-map-file\=/Users/wenli/Library/Developer/Xcode/DerivedData/moment-dfbepytmktfpepbfqgvqqpejzmlp/Build/Intermediates.noindex/GeneratedModuleMaps-iphonesimulator/third-party-IsAppEncrypted.modulemap -Xcc -fmodule-map-file\=/Users/wenli/Library/Developer/Xcode/DerivedData/moment-dfbepytmktfpepbfqgvqqpejzmlp/Build/Intermediates.noindex/GeneratedModuleMaps-iphonesimulator/GoogleUtilities-AppDelegateSwizzler.modulemap -Xcc -fmodule-map-file\=/Users/wenli/Library/Developer/Xcode/DerivedData/moment-dfbepytmktfpepbfqgvqqpejzmlp/Build/Intermediates.noindex/GeneratedModuleMaps-iphonesimulator/GTMSessionFetcherCore.modulemap -Xcc -fmodule-map-file\=/Users/wenli/Library/Developer/Xcode/DerivedData/moment-dfbepytmktfpepbfqgvqqpejzmlp/Build/Intermediates.noindex/GeneratedModuleMaps-iphonesimulator/FirebaseCoreExtension.modulemap -Xcc -fmodule-map-file\=/Users/wenli/Library/Developer/Xcode/DerivedData/moment-dfbepytmktfpepbfqgvqqpejzmlp/Build/Intermediates.noindex/GeneratedModuleMaps-iphonesimulator/FirebaseCore.modulemap -Xcc -fmodule-map-file\=/Users/wenli/Library/Developer/Xcode/DerivedData/moment-dfbepytmktfpepbfqgvqqpejzmlp/Build/Intermediates.noindex/GeneratedModuleMaps-iphonesimulator/FirebaseAuthInternal.modulemap -Xcc -fmodule-map-file\=/Users/wenli/Library/Developer/Xcode/DerivedData/moment-dfbepytmktfpepbfqgvqqpejzmlp/Build/Intermediates.noindex/GeneratedModuleMaps-iphonesimulator/FirebaseAuthInterop.modulemap -Xcc -fmodule-map-file\=/Users/wenli/Library/Developer/Xcode/DerivedData/moment-dfbepytmktfpepbfqgvqqpejzmlp/Build/Intermediates.noindex/GeneratedModuleMaps-iphonesimulator/FirebaseAppCheckInterop.modulemap -Xcc -D_LIBCPP_HARDENING_MODE\=_LIBCPP_HARDENING_MODE_DEBUG -Xcc -ivfsstatcache -Xcc /Users/wenli/Library/Developer/Xcode/DerivedData/SDKStatCaches.noindex/iphonesimulator26.2-23C53-7d00a8b37fbd7999ea79df8ebc024bf0.sdkstatcache -Xcc -I/Users/wenli/Library/Developer/Xcode/DerivedData/moment-dfbepytmktfpepbfqgvqqpejzmlp/Build/Intermediates.noindex/moment.build/Debug-iphonesimulator/moment.build/swift-overrides.hmap -Xcc -iquote -Xcc /Users/wenli/Library/Developer/Xcode/DerivedData/moment-dfbepytmktfpepbfqgvqqpejzmlp/Build/Intermediates.noindex/moment.build/Debug-iphonesimulator/moment.build/moment-generated-files.hmap -Xcc -I/Users/wenli/Library/Developer/Xcode/DerivedData/moment-dfbepytmktfpepbfqgvqqpejzmlp/Build/Intermediates.noindex/moment.build/Debug-iphonesimulator/moment.build/moment-own-target-headers.hmap -Xcc -I/Users/wenli/Library/Developer/Xcode/DerivedData/moment-dfbepytmktfpepbfqgvqqpejzmlp/Build/Intermediates.noindex/moment.build/Debug-iphonesimulator/moment.build/moment-all-non-framework-target-headers.hmap -Xcc -ivfsoverlay -Xcc /Users/wenli/Library/Developer/Xcode/DerivedData/moment-dfbepytmktfpepbfqgvqqpejzmlp/Build/Intermediates.noindex/moment.build/Debug-iphonesimulator/moment-dba20d1253c9c2196bef591a848127f6-VFS-iphonesimulator/all-product-headers.yaml -Xcc -iquote -Xcc /Users/wenli/Library/Developer/Xcode/DerivedData/moment-dfbepytmktfpepbfqgvqqpejzmlp/Build/Intermediates.noindex/moment.build/Debug-iphonesimulator/moment.build/moment-project-headers.hmap -Xcc -I/Users/wenli/Library/Developer/Xcode/DerivedData/moment-dfbepytmktfpepbfqgvqqpejzmlp/SourcePackages/checkouts/AppAuth-iOS/Sources/AppAuth -Xcc -I/Users/wenli/Library/Developer/Xcode/DerivedData/moment-dfbepytmktfpepbfqgvqqpejzmlp/SourcePackages/checkouts/AppAuth-iOS/Sources/AppAuthCore -Xcc -I/Users/wenli/Library/Developer/Xcode/DerivedData/moment-dfbepytmktfpepbfqgvqqpejzmlp/SourcePackages/checkouts/app-check/AppCheckCore/Sources/Public -Xcc -I/Users/wenli/Library/Developer/Xcode/DerivedData/moment-dfbepytmktfpepbfqgvqqpejzmlp/SourcePackages/checkouts/GoogleSignIn-iOS/GoogleSignIn/Sources/Public -Xcc -I/Users/wenli/Library/Developer/Xcode/DerivedData/moment-dfbepytmktfpepbfqgvqqpejzmlp/SourcePackages/checkouts/promises/Sources/FBLPromises/include -Xcc -I/Users/wenli/Library/Developer/Xcode/DerivedData/moment-dfbepytmktfpepbfqgvqqpejzmlp/SourcePackages/checkouts/GoogleUtilities/GoogleUtilities/UserDefaults/Public -Xcc -I/Users/wenli/Library/Developer/Xcode/DerivedData/moment-dfbepytmktfpepbfqgvqqpejzmlp/SourcePackages/checkouts/google-ads-on-device-conversion-ios-sdk/GoogleAdsOnDeviceConversionWrapper/include -Xcc -I/Users/wenli/Library/Developer/Xcode/DerivedData/moment-dfbepytmktfpepbfqgvqqpejzmlp/SourcePackages/checkouts/GoogleAppMeasurement/GoogleAppMeasurementWrapper/include -Xcc -I/Users/wenli/Library/Developer/Xcode/DerivedData/moment-dfbepytmktfpepbfqgvqqpejzmlp/SourcePackages/checkouts/GoogleUtilities/GoogleUtilities/MethodSwizzler/Public -Xcc -I/Users/wenli/Library/Developer/Xcode/DerivedData/moment-dfbepytmktfpepbfqgvqqpejzmlp/SourcePackages/checkouts/nanopb/spm_headers -Xcc -I/Users/wenli/Library/Developer/Xcode/DerivedData/moment-dfbepytmktfpepbfqgvqqpejzmlp/SourcePackages/checkouts/firebase-ios-sdk/FirebaseAnalyticsWrapper/include -Xcc -I/Users/wenli/Library/Developer/Xcode/DerivedData/moment-dfbepytmktfpepbfqgvqqpejzmlp/SourcePackages/checkouts/firebase-ios-sdk/FirebaseInstallations/Source/Library/Public -Xcc -I/Users/wenli/Library/Developer/Xcode/DerivedData/moment-dfbepytmktfpepbfqgvqqpejzmlp/SourcePackages/checkouts/firebase-ios-sdk/SwiftPM-PlatformExclude/FirebaseAnalyticsWrap/include -Xcc -I/Users/wenli/Library/Developer/Xcode/DerivedData/moment-dfbepytmktfpepbfqgvqqpejzmlp/SourcePackages/checkouts/interop-ios-for-google-sdks/RecaptchaEnterprise/RecaptchaInterop/Public -Xcc -I/Users/wenli/Library/Developer/Xcode/DerivedData/moment-dfbepytmktfpepbfqgvqqpejzmlp/SourcePackages/checkouts/GoogleUtilities/GoogleUtilities/Network/Public -Xcc -I/Users/wenli/Library/Developer/Xcode/DerivedData/moment-dfbepytmktfpepbfqgvqqpejzmlp/SourcePackages/checkouts/GoogleUtilities/GoogleUtilities/Reachability/Public -Xcc -I/Users/wenli/Library/Developer/Xcode/DerivedData/moment-dfbepytmktfpepbfqgvqqpejzmlp/SourcePackages/checkouts/GoogleUtilities/GoogleUtilities/NSData+zlib/Public -Xcc -I/Users/wenli/Library/Developer/Xcode/DerivedData/moment-dfbepytmktfpepbfqgvqqpejzmlp/SourcePackages/checkouts/GoogleUtilities/GoogleUtilities/Logger/Public -Xcc -I/Users/wenli/Library/Developer/Xcode/DerivedData/moment-dfbepytmktfpepbfqgvqqpejzmlp/SourcePackages/checkouts/GoogleUtilities/GoogleUtilities/Environment/Public -Xcc -I/Users/wenli/Library/Developer/Xcode/DerivedData/moment-dfbepytmktfpepbfqgvqqpejzmlp/SourcePackages/checkouts/GoogleUtilities/third_party/IsAppEncrypted/Public -Xcc -I/Users/wenli/Library/Developer/Xcode/DerivedData/moment-dfbepytmktfpepbfqgvqqpejzmlp/SourcePackages/checkouts/GoogleUtilities/GoogleUtilities/AppDelegateSwizzler/Public -Xcc -I/Users/wenli/Library/Developer/Xcode/DerivedData/moment-dfbepytmktfpepbfqgvqqpejzmlp/SourcePackages/checkouts/gtm-session-fetcher/Sources/Core/Public -Xcc -I/Users/wenli/Library/Developer/Xcode/DerivedData/moment-dfbepytmktfpepbfqgvqqpejzmlp/SourcePackages/checkouts/firebase-ios-sdk/FirebaseCore/Extension -Xcc -I/Users/wenli/Library/Developer/Xcode/DerivedData/moment-dfbepytmktfpepbfqgvqqpejzmlp/SourcePackages/checkouts/firebase-ios-sdk/FirebaseCore/Sources/Public -Xcc -I/Users/wenli/Library/Developer/Xcode/DerivedData/moment-dfbepytmktfpepbfqgvqqpejzmlp/SourcePackages/checkouts/firebase-ios-sdk/CoreOnly/Sources -Xcc -I/Users/wenli/Library/Developer/Xcode/DerivedData/moment-dfbepytmktfpepbfqgvqqpejzmlp/SourcePackages/checkouts/firebase-ios-sdk/FirebaseAuth/Sources/Public -Xcc -I/Users/wenli/Library/Developer/Xcode/DerivedData/moment-dfbepytmktfpepbfqgvqqpejzmlp/SourcePackages/checkouts/firebase-ios-sdk/FirebaseAuth/Interop/Public -Xcc -I/Users/wenli/Library/Developer/Xcode/DerivedData/moment-dfbepytmktfpepbfqgvqqpejzmlp/SourcePackages/checkouts/firebase-ios-sdk/FirebaseAppCheck/Interop/Public -Xcc -I/Users/wenli/Library/Developer/Xcode/DerivedData/moment-dfbepytmktfpepbfqgvqqpejzmlp/Build/Products/Debug-iphonesimulator/include -Xcc -I/Users/wenli/Library/Developer/Xcode/DerivedData/moment-dfbepytmktfpepbfqgvqqpejzmlp/Build/Intermediates.noindex/moment.build/Debug-iphonesimulator/moment.build/DerivedSources-normal/arm64 -Xcc -I/Users/wenli/Library/Developer/Xcode/DerivedData/moment-dfbepytmktfpepbfqgvqqpejzmlp/Build/Intermediates.noindex/moment.build/Debug-iphonesimulator/moment.build/DerivedSources/arm64 -Xcc -I/Users/wenli/Library/Developer/Xcode/DerivedData/moment-dfbepytmktfpepbfqgvqqpejzmlp/Build/Intermediates.noindex/moment.build/Debug-iphonesimulator/moment.build/DerivedSources -Xcc -DDEBUG\=1 -no-auto-bridging-header-chaining -module-name moment -frontend-parseable-output -disable-clang-spi -target-sdk-version 26.2 -target-sdk-name iphonesimulator26.2 -clang-target arm64-apple-ios26.2-simulator -in-process-plugin-server-path /Applications/Xcode.app/Contents/Developer/Toolchains/XcodeDefault.xctoolchain/usr/lib/swift/host/libSwiftInProcPluginServer.dylib -o /Users/wenli/Library/Developer/Xcode/DerivedData/moment-dfbepytmktfpepbfqgvqqpejzmlp/Build/Intermediates.noindex/moment.build/Debug-iphonesimulator/moment.build/Objects-normal/arm64/AuthenticationService.o -o /Users/wenli/Library/Developer/Xcode/DerivedData/moment-dfbepytmktfpepbfqgvqqpejzmlp/Build/Intermediates.noindex/moment.build/Debug-iphonesimulator/moment.build/Objects-normal/arm64/GeminiTranscriptionService.o -o /Users/wenli/Library/Developer/Xcode/DerivedData/moment-dfbepytmktfpepbfqgvqqpejzmlp/Build/Intermediates.noindex/moment.build/Debug-iphonesimulator/moment.build/Objects-normal/arm64/GlobalAudioService.o -o /Users/wenli/Library/Developer/Xcode/DerivedData/moment-dfbepytmktfpepbfqgvqqpejzmlp/Build/Intermediates.noindex/moment.build/Debug-iphonesimulator/moment.build/Objects-normal/arm64/ImageHelper.o -o /Users/wenli/Library/Developer/Xcode/DerivedData/moment-dfbepytmktfpepbfqgvqqpejzmlp/Build/Intermediates.noindex/moment.build/Debug-iphonesimulator/moment.build/Objects-normal/arm64/NoteService.o -index-unit-output-path /moment.build/Debug-iphonesimulator/moment.build/Objects-normal/arm64/AuthenticationService.o -index-unit-output-path /moment.build/Debug-iphonesimulator/moment.build/Objects-normal/arm64/GeminiTranscriptionService.o -index-unit-output-path /moment.build/Debug-iphonesimulator/moment.build/Objects-normal/arm64/GlobalAudioService.o -index-unit-output-path /moment.build/Debug-iphonesimulator/moment.build/Objects-normal/arm64/ImageHelper.o -index-unit-output-path /moment.build/Debug-iphonesimulator/moment.build/Objects-normal/arm64/NoteService.o -index-store-path /Users/wenli/Library/Developer/Xcode/DerivedData/moment-dfbepytmktfpepbfqgvqqpejzmlp/Index.noindex/DataStore -index-system-modules

SwiftCompile normal arm64 /Users/wenli/Desktop/workspace/moment/moment/Services/AuthenticationService.swift (in target 'moment' from project 'moment')
    cd /Users/wenli/Desktop/workspace/moment
    
<unknown>:0: error: static subscript 'subscript(_enclosingInstance:wrapped:storage:)' is not available due to missing import of defining module 'Combine'
/Users/wenli/Desktop/workspace/moment/moment/Services/GeminiTranscriptionService.swift:10:1: note: add import of module 'Combine'

^
<unknown>:0: error: static subscript 'subscript(_enclosingInstance:wrapped:storage:)' is not available due to missing import of defining module 'Combine'
/Users/wenli/Desktop/workspace/moment/moment/Services/GeminiTranscriptionService.swift:10:1: note: add import of module 'Combine'

^
<unknown>:0: error: static subscript 'subscript(_enclosingInstance:wrapped:storage:)' is not available due to missing import of defining module 'Combine'
/Users/wenli/Desktop/workspace/moment/moment/Services/GeminiTranscriptionService.swift:10:1: note: add import of module 'Combine'

^
<unknown>:0: error: static subscript 'subscript(_enclosingInstance:wrapped:storage:)' is not available due to missing import of defining module 'Combine'
/Users/wenli/Desktop/workspace/moment/moment/Services/GeminiTranscriptionService.swift:10:1: note: add import of module 'Combine'

^
<unknown>:0: error: static subscript 'subscript(_enclosingInstance:wrapped:storage:)' is not available due to missing import of defining module 'Combine'
/Users/wenli/Desktop/workspace/moment/moment/Services/GeminiTranscriptionService.swift:10:1: note: add import of module 'Combine'

^
<unknown>:0: error: static subscript 'subscript(_enclosingInstance:wrapped:storage:)' is not available due to missing import of defining module 'Combine'
/Users/wenli/Desktop/workspace/moment/moment/Services/GeminiTranscriptionService.swift:10:1: note: add import of module 'Combine'

^
<unknown>:0: error: static subscript 'subscript(_enclosingInstance:wrapped:storage:)' is not available due to missing import of defining module 'Combine'
/Users/wenli/Desktop/workspace/moment/moment/Services/GeminiTranscriptionService.swift:10:1: note: add import of module 'Combine'

^
<unknown>:0: error: static subscript 'subscript(_enclosingInstance:wrapped:storage:)' is not available due to missing import of defining module 'Combine'
/Users/wenli/Desktop/workspace/moment/moment/Services/GeminiTranscriptionService.swift:10:1: note: add import of module 'Combine'

^
<unknown>:0: error: static subscript 'subscript(_enclosingInstance:wrapped:storage:)' is not available due to missing import of defining module 'Combine'
/Users/wenli/Desktop/workspace/moment/moment/Services/GeminiTranscriptionService.swift:10:1: note: add import of module 'Combine'

^
<unknown>:0: error: static subscript 'subscript(_enclosingInstance:wrapped:storage:)' is not available due to missing import of defining module 'Combine'
/Users/wenli/Desktop/workspace/moment/moment/Services/GeminiTranscriptionService.swift:10:1: note: add import of module 'Combine'

^
<unknown>:0: error: static subscript 'subscript(_enclosingInstance:wrapped:storage:)' is not available due to missing import of defining module 'Combine'
/Users/wenli/Desktop/workspace/moment/moment/Services/GeminiTranscriptionService.swift:10:1: note: add import of module 'Combine'

^
<unknown>:0: error: static subscript 'subscript(_enclosingInstance:wrapped:storage:)' is not available due to missing import of defining module 'Combine'
/Users/wenli/Desktop/workspace/moment/moment/Services/GeminiTranscriptionService.swift:10:1: note: add import of module 'Combine'

^

SwiftCompile normal arm64 /Users/wenli/Desktop/workspace/moment/moment/Services/GeminiTranscriptionService.swift (in target 'moment' from project 'moment')
    cd /Users/wenli/Desktop/workspace/moment
    
/Users/wenli/Desktop/workspace/moment/moment/Services/GeminiTranscriptionService.swift:16:7: error: type 'GeminiTranscriptionService' does not conform to protocol 'ObservableObject'
class GeminiTranscriptionService: ObservableObject {
      ^
/Users/wenli/Desktop/workspace/moment/moment/Services/GeminiTranscriptionService.swift:16:7: note: add stubs for conformance
class GeminiTranscriptionService: ObservableObject {
      ^
Combine.ObservableObject.objectWillChange:2:5: note: protocol requires property 'objectWillChange' with type 'Self.ObjectWillChangePublisher'
var objectWillChange: Self.ObjectWillChangePublisher { get }}
    ^
/Users/wenli/Desktop/workspace/moment/moment/Services/GeminiTranscriptionService.swift:19:6: error: initializer 'init(wrappedValue:)' is not available due to missing import of defining module 'Combine'
    @Published var isTranscribing = false
     ^
/Users/wenli/Desktop/workspace/moment/moment/Services/GeminiTranscriptionService.swift:10:1: note: add import of module 'Combine'

^
/Users/wenli/Desktop/workspace/moment/moment/Services/GeminiTranscriptionService.swift:20:6: error: initializer 'init(wrappedValue:)' is not available due to missing import of defining module 'Combine'
    @Published var errorMessage: String?
     ^
/Users/wenli/Desktop/workspace/moment/moment/Services/GeminiTranscriptionService.swift:10:1: note: add import of module 'Combine'

^
<unknown>:0: error: static subscript 'subscript(_enclosingInstance:wrapped:storage:)' is not available due to missing import of defining module 'Combine'
/Users/wenli/Desktop/workspace/moment/moment/Services/GeminiTranscriptionService.swift:10:1: note: add import of module 'Combine'

^
<unknown>:0: error: static subscript 'subscript(_enclosingInstance:wrapped:storage:)' is not available due to missing import of defining module 'Combine'
/Users/wenli/Desktop/workspace/moment/moment/Services/GeminiTranscriptionService.swift:10:1: note: add import of module 'Combine'

^
<unknown>:0: error: static subscript 'subscript(_enclosingInstance:wrapped:storage:)' is not available due to missing import of defining module 'Combine'
/Users/wenli/Desktop/workspace/moment/moment/Services/GeminiTranscriptionService.swift:10:1: note: add import of module 'Combine'

^
<unknown>:0: error: static subscript 'subscript(_enclosingInstance:wrapped:storage:)' is not available due to missing import of defining module 'Combine'
/Users/wenli/Desktop/workspace/moment/moment/Services/GeminiTranscriptionService.swift:10:1: note: add import of module 'Combine'

^
<unknown>:0: error: static subscript 'subscript(_enclosingInstance:wrapped:storage:)' is not available due to missing import of defining module 'Combine'
/Users/wenli/Desktop/workspace/moment/moment/Services/GeminiTranscriptionService.swift:10:1: note: add import of module 'Combine'

^
<unknown>:0: error: static subscript 'subscript(_enclosingInstance:wrapped:storage:)' is not available due to missing import of defining module 'Combine'
/Users/wenli/Desktop/workspace/moment/moment/Services/GeminiTranscriptionService.swift:10:1: note: add import of module 'Combine'

^
<unknown>:0: error: static subscript 'subscript(_enclosingInstance:wrapped:storage:)' is not available due to missing import of defining module 'Combine'
/Users/wenli/Desktop/workspace/moment/moment/Services/GeminiTranscriptionService.swift:10:1: note: add import of module 'Combine'

^
<unknown>:0: error: static subscript 'subscript(_enclosingInstance:wrapped:storage:)' is not available due to missing import of defining module 'Combine'
/Users/wenli/Desktop/workspace/moment/moment/Services/GeminiTranscriptionService.swift:10:1: note: add import of module 'Combine'

^
<unknown>:0: error: static subscript 'subscript(_enclosingInstance:wrapped:storage:)' is not available due to missing import of defining module 'Combine'
/Users/wenli/Desktop/workspace/moment/moment/Services/GeminiTranscriptionService.swift:10:1: note: add import of module 'Combine'

^
<unknown>:0: error: static subscript 'subscript(_enclosingInstance:wrapped:storage:)' is not available due to missing import of defining module 'Combine'
/Users/wenli/Desktop/workspace/moment/moment/Services/GeminiTranscriptionService.swift:10:1: note: add import of module 'Combine'

^
<unknown>:0: error: static subscript 'subscript(_enclosingInstance:wrapped:storage:)' is not available due to missing import of defining module 'Combine'
/Users/wenli/Desktop/workspace/moment/moment/Services/GeminiTranscriptionService.swift:10:1: note: add import of module 'Combine'

^
<unknown>:0: error: static subscript 'subscript(_enclosingInstance:wrapped:storage:)' is not available due to missing import of defining module 'Combine'
/Users/wenli/Desktop/workspace/moment/moment/Services/GeminiTranscriptionService.swift:10:1: note: add import of module 'Combine'

^

SwiftCompile normal arm64 /Users/wenli/Desktop/workspace/moment/moment/Services/GlobalAudioService.swift (in target 'moment' from project 'moment')
    cd /Users/wenli/Desktop/workspace/moment
    
<unknown>:0: error: static subscript 'subscript(_enclosingInstance:wrapped:storage:)' is not available due to missing import of defining module 'Combine'
/Users/wenli/Desktop/workspace/moment/moment/Services/GeminiTranscriptionService.swift:10:1: note: add import of module 'Combine'

^
<unknown>:0: error: static subscript 'subscript(_enclosingInstance:wrapped:storage:)' is not available due to missing import of defining module 'Combine'
/Users/wenli/Desktop/workspace/moment/moment/Services/GeminiTranscriptionService.swift:10:1: note: add import of module 'Combine'

^
<unknown>:0: error: static subscript 'subscript(_enclosingInstance:wrapped:storage:)' is not available due to missing import of defining module 'Combine'
/Users/wenli/Desktop/workspace/moment/moment/Services/GeminiTranscriptionService.swift:10:1: note: add import of module 'Combine'

^
<unknown>:0: error: static subscript 'subscript(_enclosingInstance:wrapped:storage:)' is not available due to missing import of defining module 'Combine'
/Users/wenli/Desktop/workspace/moment/moment/Services/GeminiTranscriptionService.swift:10:1: note: add import of module 'Combine'

^
<unknown>:0: error: static subscript 'subscript(_enclosingInstance:wrapped:storage:)' is not available due to missing import of defining module 'Combine'
/Users/wenli/Desktop/workspace/moment/moment/Services/GeminiTranscriptionService.swift:10:1: note: add import of module 'Combine'

^
<unknown>:0: error: static subscript 'subscript(_enclosingInstance:wrapped:storage:)' is not available due to missing import of defining module 'Combine'
/Users/wenli/Desktop/workspace/moment/moment/Services/GeminiTranscriptionService.swift:10:1: note: add import of module 'Combine'

^
<unknown>:0: error: static subscript 'subscript(_enclosingInstance:wrapped:storage:)' is not available due to missing import of defining module 'Combine'
/Users/wenli/Desktop/workspace/moment/moment/Services/GeminiTranscriptionService.swift:10:1: note: add import of module 'Combine'

^
<unknown>:0: error: static subscript 'subscript(_enclosingInstance:wrapped:storage:)' is not available due to missing import of defining module 'Combine'
/Users/wenli/Desktop/workspace/moment/moment/Services/GeminiTranscriptionService.swift:10:1: note: add import of module 'Combine'

^
<unknown>:0: error: static subscript 'subscript(_enclosingInstance:wrapped:storage:)' is not available due to missing import of defining module 'Combine'
/Users/wenli/Desktop/workspace/moment/moment/Services/GeminiTranscriptionService.swift:10:1: note: add import of module 'Combine'

^
<unknown>:0: error: static subscript 'subscript(_enclosingInstance:wrapped:storage:)' is not available due to missing import of defining module 'Combine'
/Users/wenli/Desktop/workspace/moment/moment/Services/GeminiTranscriptionService.swift:10:1: note: add import of module 'Combine'

^
<unknown>:0: error: static subscript 'subscript(_enclosingInstance:wrapped:storage:)' is not available due to missing import of defining module 'Combine'
/Users/wenli/Desktop/workspace/moment/moment/Services/GeminiTranscriptionService.swift:10:1: note: add import of module 'Combine'

^
<unknown>:0: error: static subscript 'subscript(_enclosingInstance:wrapped:storage:)' is not available due to missing import of defining module 'Combine'
/Users/wenli/Desktop/workspace/moment/moment/Services/GeminiTranscriptionService.swift:10:1: note: add import of module 'Combine'

^
/Users/wenli/Desktop/workspace/moment/moment/Services/GlobalAudioService.swift:228:17: warning: result of call to 'performAndWait' is unused
        context.performAndWait {
                ^              ~

SwiftCompile normal arm64 /Users/wenli/Desktop/workspace/moment/moment/Services/ImageHelper.swift (in target 'moment' from project 'moment')
    cd /Users/wenli/Desktop/workspace/moment
    
<unknown>:0: error: static subscript 'subscript(_enclosingInstance:wrapped:storage:)' is not available due to missing import of defining module 'Combine'
/Users/wenli/Desktop/workspace/moment/moment/Services/GeminiTranscriptionService.swift:10:1: note: add import of module 'Combine'

^
<unknown>:0: error: static subscript 'subscript(_enclosingInstance:wrapped:storage:)' is not available due to missing import of defining module 'Combine'
/Users/wenli/Desktop/workspace/moment/moment/Services/GeminiTranscriptionService.swift:10:1: note: add import of module 'Combine'

^
<unknown>:0: error: static subscript 'subscript(_enclosingInstance:wrapped:storage:)' is not available due to missing import of defining module 'Combine'
/Users/wenli/Desktop/workspace/moment/moment/Services/GeminiTranscriptionService.swift:10:1: note: add import of module 'Combine'

^
<unknown>:0: error: static subscript 'subscript(_enclosingInstance:wrapped:storage:)' is not available due to missing import of defining module 'Combine'
/Users/wenli/Desktop/workspace/moment/moment/Services/GeminiTranscriptionService.swift:10:1: note: add import of module 'Combine'

^
<unknown>:0: error: static subscript 'subscript(_enclosingInstance:wrapped:storage:)' is not available due to missing import of defining module 'Combine'
/Users/wenli/Desktop/workspace/moment/moment/Services/GeminiTranscriptionService.swift:10:1: note: add import of module 'Combine'

^
<unknown>:0: error: static subscript 'subscript(_enclosingInstance:wrapped:storage:)' is not available due to missing import of defining module 'Combine'
/Users/wenli/Desktop/workspace/moment/moment/Services/GeminiTranscriptionService.swift:10:1: note: add import of module 'Combine'

^
<unknown>:0: error: static subscript 'subscript(_enclosingInstance:wrapped:storage:)' is not available due to missing import of defining module 'Combine'
/Users/wenli/Desktop/workspace/moment/moment/Services/GeminiTranscriptionService.swift:10:1: note: add import of module 'Combine'

^
<unknown>:0: error: static subscript 'subscript(_enclosingInstance:wrapped:storage:)' is not available due to missing import of defining module 'Combine'
/Users/wenli/Desktop/workspace/moment/moment/Services/GeminiTranscriptionService.swift:10:1: note: add import of module 'Combine'

^
<unknown>:0: error: static subscript 'subscript(_enclosingInstance:wrapped:storage:)' is not available due to missing import of defining module 'Combine'
/Users/wenli/Desktop/workspace/moment/moment/Services/GeminiTranscriptionService.swift:10:1: note: add import of module 'Combine'

^
<unknown>:0: error: static subscript 'subscript(_enclosingInstance:wrapped:storage:)' is not available due to missing import of defining module 'Combine'
/Users/wenli/Desktop/workspace/moment/moment/Services/GeminiTranscriptionService.swift:10:1: note: add import of module 'Combine'

^
<unknown>:0: error: static subscript 'subscript(_enclosingInstance:wrapped:storage:)' is not available due to missing import of defining module 'Combine'
/Users/wenli/Desktop/workspace/moment/moment/Services/GeminiTranscriptionService.swift:10:1: note: add import of module 'Combine'

^
<unknown>:0: error: static subscript 'subscript(_enclosingInstance:wrapped:storage:)' is not available due to missing import of defining module 'Combine'
/Users/wenli/Desktop/workspace/moment/moment/Services/GeminiTranscriptionService.swift:10:1: note: add import of module 'Combine'

^

SwiftCompile normal arm64 /Users/wenli/Desktop/workspace/moment/moment/Services/NoteService.swift (in target 'moment' from project 'moment')
    cd /Users/wenli/Desktop/workspace/moment
    
<unknown>:0: error: static subscript 'subscript(_enclosingInstance:wrapped:storage:)' is not available due to missing import of defining module 'Combine'
/Users/wenli/Desktop/workspace/moment/moment/Services/GeminiTranscriptionService.swift:10:1: note: add import of module 'Combine'

^
<unknown>:0: error: static subscript 'subscript(_enclosingInstance:wrapped:storage:)' is not available due to missing import of defining module 'Combine'
/Users/wenli/Desktop/workspace/moment/moment/Services/GeminiTranscriptionService.swift:10:1: note: add import of module 'Combine'

^
<unknown>:0: error: static subscript 'subscript(_enclosingInstance:wrapped:storage:)' is not available due to missing import of defining module 'Combine'
/Users/wenli/Desktop/workspace/moment/moment/Services/GeminiTranscriptionService.swift:10:1: note: add import of module 'Combine'

^
<unknown>:0: error: static subscript 'subscript(_enclosingInstance:wrapped:storage:)' is not available due to missing import of defining module 'Combine'
/Users/wenli/Desktop/workspace/moment/moment/Services/GeminiTranscriptionService.swift:10:1: note: add import of module 'Combine'

^
<unknown>:0: error: static subscript 'subscript(_enclosingInstance:wrapped:storage:)' is not available due to missing import of defining module 'Combine'
/Users/wenli/Desktop/workspace/moment/moment/Services/GeminiTranscriptionService.swift:10:1: note: add import of module 'Combine'

^
<unknown>:0: error: static subscript 'subscript(_enclosingInstance:wrapped:storage:)' is not available due to missing import of defining module 'Combine'
/Users/wenli/Desktop/workspace/moment/moment/Services/GeminiTranscriptionService.swift:10:1: note: add import of module 'Combine'

^
<unknown>:0: error: static subscript 'subscript(_enclosingInstance:wrapped:storage:)' is not available due to missing import of defining module 'Combine'
/Users/wenli/Desktop/workspace/moment/moment/Services/GeminiTranscriptionService.swift:10:1: note: add import of module 'Combine'

^
<unknown>:0: error: static subscript 'subscript(_enclosingInstance:wrapped:storage:)' is not available due to missing import of defining module 'Combine'
/Users/wenli/Desktop/workspace/moment/moment/Services/GeminiTranscriptionService.swift:10:1: note: add import of module 'Combine'

^
<unknown>:0: error: static subscript 'subscript(_enclosingInstance:wrapped:storage:)' is not available due to missing import of defining module 'Combine'
/Users/wenli/Desktop/workspace/moment/moment/Services/GeminiTranscriptionService.swift:10:1: note: add import of module 'Combine'

^
<unknown>:0: error: static subscript 'subscript(_enclosingInstance:wrapped:storage:)' is not available due to missing import of defining module 'Combine'
/Users/wenli/Desktop/workspace/moment/moment/Services/GeminiTranscriptionService.swift:10:1: note: add import of module 'Combine'

^
<unknown>:0: error: static subscript 'subscript(_enclosingInstance:wrapped:storage:)' is not available due to missing import of defining module 'Combine'
/Users/wenli/Desktop/workspace/moment/moment/Services/GeminiTranscriptionService.swift:10:1: note: add import of module 'Combine'

^
<unknown>:0: error: static subscript 'subscript(_enclosingInstance:wrapped:storage:)' is not available due to missing import of defining module 'Combine'
/Users/wenli/Desktop/workspace/moment/moment/Services/GeminiTranscriptionService.swift:10:1: note: add import of module 'Combine'

^

SwiftCompile normal arm64 Compiling\ ViewExtensions.swift,\ Note+Extensions.swift,\ Persistence.swift,\ AudioFileManager.swift,\ AudioRecorder.swift /Users/wenli/Desktop/workspace/moment/moment/Extensions/ViewExtensions.swift /Users/wenli/Desktop/workspace/moment/moment/Models/Note+Extensions.swift /Users/wenli/Desktop/workspace/moment/moment/Models/Persistence.swift /Users/wenli/Desktop/workspace/moment/moment/Services/AudioFileManager.swift /Users/wenli/Desktop/workspace/moment/moment/Services/AudioRecorder.swift (in target 'moment' from project 'moment')

SwiftCompile normal arm64 /Users/wenli/Desktop/workspace/moment/moment/Extensions/ViewExtensions.swift (in target 'moment' from project 'moment')
    cd /Users/wenli/Desktop/workspace/moment
    

SwiftCompile normal arm64 /Users/wenli/Desktop/workspace/moment/moment/Models/Note+Extensions.swift (in target 'moment' from project 'moment')
    cd /Users/wenli/Desktop/workspace/moment
    

SwiftCompile normal arm64 /Users/wenli/Desktop/workspace/moment/moment/Models/Persistence.swift (in target 'moment' from project 'moment')
    cd /Users/wenli/Desktop/workspace/moment
    

SwiftCompile normal arm64 /Users/wenli/Desktop/workspace/moment/moment/Services/AudioFileManager.swift (in target 'moment' from project 'moment')
    cd /Users/wenli/Desktop/workspace/moment
    

SwiftCompile normal arm64 /Users/wenli/Desktop/workspace/moment/moment/Services/AudioRecorder.swift (in target 'moment' from project 'moment')
    cd /Users/wenli/Desktop/workspace/moment
    

SwiftCompile normal arm64 Compiling\ AudioPlayerController.swift,\ AudioRecordingController.swift,\ NoteCreateController.swift,\ NoteDetailController.swift,\ NoteListController.swift /Users/wenli/Desktop/workspace/moment/moment/Controllers/AudioPlayerController.swift /Users/wenli/Desktop/workspace/moment/moment/Controllers/AudioRecordingController.swift /Users/wenli/Desktop/workspace/moment/moment/Controllers/NoteCreateController.swift /Users/wenli/Desktop/workspace/moment/moment/Controllers/NoteDetailController.swift /Users/wenli/Desktop/workspace/moment/moment/Controllers/NoteListController.swift (in target 'moment' from project 'moment')

** BUILD FAILED **


The following build commands failed:
	SwiftCompile normal arm64 Compiling\ AuthenticationService.swift,\ GeminiTranscriptionService.swift,\ GlobalAudioService.swift,\ ImageHelper.swift,\ NoteService.swift /Users/wenli/Desktop/workspace/moment/moment/Services/AuthenticationService.swift /Users/wenli/Desktop/workspace/moment/moment/Services/GeminiTranscriptionService.swift /Users/wenli/Desktop/workspace/moment/moment/Services/GlobalAudioService.swift /Users/wenli/Desktop/workspace/moment/moment/Services/ImageHelper.swift /Users/wenli/Desktop/workspace/moment/moment/Services/NoteService.swift (in target 'moment' from project 'moment')
	SwiftCompile normal arm64 /Users/wenli/Desktop/workspace/moment/moment/Services/AuthenticationService.swift (in target 'moment' from project 'moment')
	SwiftCompile normal arm64 /Users/wenli/Desktop/workspace/moment/moment/Services/GeminiTranscriptionService.swift (in target 'moment' from project 'moment')
	SwiftCompile normal arm64 /Users/wenli/Desktop/workspace/moment/moment/Services/GlobalAudioService.swift (in target 'moment' from project 'moment')
	SwiftCompile normal arm64 /Users/wenli/Desktop/workspace/moment/moment/Services/ImageHelper.swift (in target 'moment' from project 'moment')
	SwiftCompile normal arm64 /Users/wenli/Desktop/workspace/moment/moment/Services/NoteService.swift (in target 'moment' from project 'moment')
	Building project moment with scheme moment
(7 failures)
